Ratio Edge Case Summary (latest year only: 2024) - 18 entries
============================================================
[version difference] ADANIENT (2024): ROE - computed=8.53 vs source=13.64, diff=5.11
[version difference] ADANIPOWER (2024): ROE - computed=48.28 vs source=57.10, diff=8.82
[version difference] BAJAJFINSV (2024): ROE - computed=25.85 vs source=11.72, diff=14.13
[data source issue] BEL (2024): ROE - computed=4744.05 vs source=26.30, diff=4717.75
[version difference] BPCL (2024): ROE - computed=35.51 vs source=41.90, diff=6.39
[version difference] COALINDIA (2024): ROE - computed=45.17 vs source=52.00, diff=6.83
[version difference] GODREJCP (2024): ROE - computed=-4.45 vs source=6.77, diff=11.22
[data source issue] HAL (2024): ROE - computed=3816.58 vs source=28.90, diff=3787.68
[version difference] IRCTC (2024): ROE - computed=34.40 vs source=40.40, diff=6.00
[version difference] LICI (2024): ROE - computed=49.45 vs source=63.61, diff=14.16
[version difference] LT (2024): ROE - computed=77.67 vs source=10.49, diff=67.18
[version difference] NESTLEIND (2024): ROE - computed=98.57 vs source=135.61, diff=37.04
[version difference] PFC (2024): ROE - computed=26.16 vs source=19.49, diff=6.67
[version difference] PNB (2024): ROE - computed=61.32 vs source=8.70, diff=52.62
[version difference] TATAMOTORS (2024): ROE - computed=37.46 vs source=49.40, diff=11.94
[version difference] TATASTEEL (2024): ROE - computed=-5.33 vs source=6.55, diff=11.88
[data source issue] TCS (2024): ROE - computed=50.94 vs source=0.52, diff=50.42
[version difference] TRENT (2024): ROE - computed=36.31 vs source=27.20, diff=9.11
