Ratio Edge Case Log (all years) - 1034 entries
============================================================
[version difference] ABB 2012: ROE - computed=22.41 vs source=34.90, diff=12.49
[version difference] ABB 2014: ROE - computed=25.13 vs source=34.90, diff=9.77
[version difference] ABB 2015: ROE - computed=24.44 vs source=34.90, diff=10.46
[version difference] ABB 2016: ROE - computed=21.34 vs source=34.90, diff=13.56
[version difference] ABB 2017: ROE - computed=19.97 vs source=34.90, diff=14.93
[version difference] ABB 2018: ROE - computed=23.69 vs source=34.90, diff=11.21
[version difference] ABB 2019: ROE - computed=22.41 vs source=34.90, diff=12.49
[version difference] ABB 2020: ROE - computed=24.39 vs source=34.90, diff=10.51
[version difference] ABB 2021: ROE - computed=26.56 vs source=34.90, diff=8.34
[version difference] ABB 2022: ROE - computed=28.33 vs source=34.90, diff=6.57
[version difference] ABB 2023: ROE - computed=29.77 vs source=34.90, diff=5.13
[version difference] ABB 2024: ROE - computed=32.47 vs source=34.90, diff=2.43
[version difference] ADANIENSOL 2014: ROE - computed=0.00 vs source=8.59, diff=8.59
[version difference] ADANIENSOL 2015: ROE - computed=-0.65 vs source=8.59, diff=9.24
[version difference] ADANIENSOL 2016: ROE - computed=13.77 vs source=8.59, diff=5.18
[version difference] ADANIENSOL 2017: ROE - computed=14.12 vs source=8.59, diff=5.53
[version difference] ADANIENSOL 2018: ROE - computed=18.87 vs source=8.59, diff=10.28
[version difference] ADANIENSOL 2019: ROE - computed=6.95 vs source=8.59, diff=1.64
[version difference] ADANIENSOL 2020: ROE - computed=8.31 vs source=8.59, diff=0.28
[version difference] ADANIENSOL 2021: ROE - computed=14.46 vs source=8.59, diff=5.87
[version difference] ADANIENSOL 2022: ROE - computed=12.47 vs source=8.59, diff=3.88
[version difference] ADANIENSOL 2023: ROE - computed=10.90 vs source=8.59, diff=2.31
[version difference] ADANIENSOL 2024: ROE - computed=9.46 vs source=8.59, diff=0.87
[version difference] ADANIENT 2013: ROE - computed=5.69 vs source=13.64, diff=7.95
[version difference] ADANIENT 2014: ROE - computed=11.14 vs source=13.64, diff=2.50
[version difference] ADANIENT 2015: ROE - computed=8.93 vs source=13.64, diff=4.71
[version difference] ADANIENT 2016: ROE - computed=7.47 vs source=13.64, diff=6.17
[version difference] ADANIENT 2017: ROE - computed=6.54 vs source=13.64, diff=7.10
[version difference] ADANIENT 2018: ROE - computed=3.94 vs source=13.64, diff=9.70
[version difference] ADANIENT 2019: ROE - computed=3.43 vs source=13.64, diff=10.21
[version difference] ADANIENT 2020: ROE - computed=6.14 vs source=13.64, diff=7.50
[version difference] ADANIENT 2021: ROE - computed=6.10 vs source=13.64, diff=7.54
[version difference] ADANIENT 2022: ROE - computed=3.54 vs source=13.64, diff=10.10
[version difference] ADANIENT 2023: ROE - computed=7.33 vs source=13.64, diff=6.31
[version difference] ADANIENT 2024: ROE - computed=8.53 vs source=13.64, diff=5.11
[version difference] ADANIGREEN 2017: ROE - computed=-3.91 vs source=14.70, diff=18.61
[version difference] ADANIGREEN 2018: ROE - computed=-10.29 vs source=14.70, diff=24.99
[version difference] ADANIGREEN 2019: ROE - computed=-24.57 vs source=14.70, diff=39.27
[version difference] ADANIGREEN 2020: ROE - computed=-2.89 vs source=14.70, diff=17.59
[version difference] ADANIGREEN 2021: ROE - computed=8.27 vs source=14.70, diff=6.43
[version difference] ADANIGREEN 2022: ROE - computed=18.71 vs source=14.70, diff=4.01
[version difference] ADANIGREEN 2023: ROE - computed=13.32 vs source=14.70, diff=1.38
[version difference] ADANIGREEN 2024: ROE - computed=12.81 vs source=14.70, diff=1.89
[version difference] ADANIPORTS 2013: ROE - computed=25.63 vs source=18.10, diff=7.53
[version difference] ADANIPORTS 2014: ROE - computed=19.86 vs source=18.10, diff=1.76
[version difference] ADANIPORTS 2015: ROE - computed=21.59 vs source=18.10, diff=3.49
[version difference] ADANIPORTS 2016: ROE - computed=21.15 vs source=18.10, diff=3.05
[version difference] ADANIPORTS 2017: ROE - computed=22.26 vs source=18.10, diff=4.16
[version difference] ADANIPORTS 2018: ROE - computed=17.65 vs source=18.10, diff=0.45
[version difference] ADANIPORTS 2019: ROE - computed=16.60 vs source=18.10, diff=1.50
[version difference] ADANIPORTS 2020: ROE - computed=14.87 vs source=18.10, diff=3.23
[version difference] ADANIPORTS 2021: ROE - computed=16.59 vs source=18.10, diff=1.51
[version difference] ADANIPORTS 2022: ROE - computed=11.84 vs source=18.10, diff=6.26
[version difference] ADANIPORTS 2023: ROE - computed=11.88 vs source=18.10, diff=6.22
[version difference] ADANIPORTS 2024: ROE - computed=15.35 vs source=18.10, diff=2.75
[version difference] ADANIPOWER 2013: ROE - computed=-53.46 vs source=57.10, diff=110.56
[version difference] ADANIPOWER 2014: ROE - computed=-4.45 vs source=57.10, diff=61.55
[version difference] ADANIPOWER 2015: ROE - computed=-14.25 vs source=57.10, diff=71.35
[version difference] ADANIPOWER 2016: ROE - computed=7.38 vs source=57.10, diff=49.72
[data source issue] ADANIPOWER 2017: ROE - computed=-205.80 vs source=57.10, diff=262.90
[data source issue] ADANIPOWER 2018: ROE - computed=-236.56 vs source=57.10, diff=293.66
[version difference] ADANIPOWER 2019: ROE - computed=-12.76 vs source=57.10, diff=69.86
[version difference] ADANIPOWER 2020: ROE - computed=-35.10 vs source=57.10, diff=92.20
[version difference] ADANIPOWER 2021: ROE - computed=9.69 vs source=57.10, diff=47.41
[version difference] ADANIPOWER 2022: ROE - computed=26.61 vs source=57.10, diff=30.49
[version difference] ADANIPOWER 2023: ROE - computed=35.91 vs source=57.10, diff=21.19
[version difference] ADANIPOWER 2024: ROE - computed=48.28 vs source=57.10, diff=8.82
[version difference] AMBUJACEM 2012: ROE - computed=14.69 vs source=9.24, diff=5.45
[version difference] AMBUJACEM 2013: ROE - computed=13.51 vs source=9.24, diff=4.27
[version difference] AMBUJACEM 2014: ROE - computed=14.77 vs source=9.24, diff=5.53
[version difference] AMBUJACEM 2015: ROE - computed=7.87 vs source=9.24, diff=1.37
[version difference] AMBUJACEM 2016: ROE - computed=7.23 vs source=9.24, diff=2.01
[version difference] AMBUJACEM 2017: ROE - computed=9.41 vs source=9.24, diff=0.17
[version difference] AMBUJACEM 2018: ROE - computed=13.29 vs source=9.24, diff=4.05
[version difference] AMBUJACEM 2019: ROE - computed=11.56 vs source=9.24, diff=2.32
[version difference] AMBUJACEM 2020: ROE - computed=13.65 vs source=9.24, diff=4.41
[version difference] AMBUJACEM 2021: ROE - computed=14.64 vs source=9.24, diff=5.40
[version difference] AMBUJACEM 2023: ROE - computed=9.54 vs source=9.24, diff=0.30
[version difference] AMBUJACEM 2024: ROE - computed=9.41 vs source=9.24, diff=0.17
[version difference] APOLLOHOSP 2013: ROE - computed=11.03 vs source=13.81, diff=2.78
[version difference] APOLLOHOSP 2014: ROE - computed=10.58 vs source=13.81, diff=3.23
[version difference] APOLLOHOSP 2015: ROE - computed=10.56 vs source=13.81, diff=3.25
[version difference] APOLLOHOSP 2016: ROE - computed=7.05 vs source=13.81, diff=6.76
[version difference] APOLLOHOSP 2017: ROE - computed=3.95 vs source=13.81, diff=9.86
[version difference] APOLLOHOSP 2018: ROE - computed=1.85 vs source=13.81, diff=11.96
[version difference] APOLLOHOSP 2019: ROE - computed=6.00 vs source=13.81, diff=7.81
[version difference] APOLLOHOSP 2020: ROE - computed=12.93 vs source=13.81, diff=0.88
[version difference] APOLLOHOSP 2021: ROE - computed=2.98 vs source=13.81, diff=10.83
[version difference] APOLLOHOSP 2022: ROE - computed=19.70 vs source=13.81, diff=5.89
[version difference] APOLLOHOSP 2023: ROE - computed=13.62 vs source=13.81, diff=0.19
[version difference] APOLLOHOSP 2024: ROE - computed=13.48 vs source=13.81, diff=0.33
[version difference] ASIANPAINT 2013: ROE - computed=34.28 vs source=31.45, diff=2.83
[version difference] ASIANPAINT 2014: ROE - computed=31.27 vs source=31.45, diff=0.18
[version difference] ASIANPAINT 2015: ROE - computed=30.09 vs source=31.45, diff=1.36
[version difference] ASIANPAINT 2016: ROE - computed=27.63 vs source=31.45, diff=3.82
[version difference] ASIANPAINT 2017: ROE - computed=26.51 vs source=31.45, diff=4.94
[version difference] ASIANPAINT 2018: ROE - computed=24.95 vs source=31.45, diff=6.50
[version difference] ASIANPAINT 2019: ROE - computed=23.31 vs source=31.45, diff=8.14
[version difference] ASIANPAINT 2020: ROE - computed=27.38 vs source=31.45, diff=4.07
[version difference] ASIANPAINT 2021: ROE - computed=25.04 vs source=31.45, diff=6.41
[version difference] ASIANPAINT 2022: ROE - computed=22.34 vs source=31.45, diff=9.11
[version difference] ASIANPAINT 2023: ROE - computed=26.23 vs source=31.45, diff=5.22
[version difference] ASIANPAINT 2024: ROE - computed=29.68 vs source=31.45, diff=1.77
[version difference] ATGL 2018: ROE - computed=15.94 vs source=20.50, diff=4.56
[version difference] ATGL 2019: ROE - computed=20.78 vs source=20.50, diff=0.28
[version difference] ATGL 2020: ROE - computed=29.64 vs source=20.50, diff=9.14
[version difference] ATGL 2021: ROE - computed=23.94 vs source=20.50, diff=3.44
[version difference] ATGL 2022: ROE - computed=21.07 vs source=20.50, diff=0.57
[version difference] ATGL 2023: ROE - computed=18.57 vs source=20.50, diff=1.93
[version difference] ATGL 2024: ROE - computed=18.66 vs source=20.50, diff=1.84
[version difference] BAJAJ-AUTO 2013: ROE - computed=38.85 vs source=26.50, diff=12.35
[version difference] BAJAJ-AUTO 2014: ROE - computed=33.24 vs source=26.50, diff=6.74
[version difference] BAJAJ-AUTO 2015: ROE - computed=27.27 vs source=26.50, diff=0.77
[version difference] BAJAJ-AUTO 2016: ROE - computed=28.97 vs source=26.50, diff=2.47
[version difference] BAJAJ-AUTO 2017: ROE - computed=22.84 vs source=26.50, diff=3.66
[version difference] BAJAJ-AUTO 2018: ROE - computed=20.66 vs source=26.50, diff=5.84
[version difference] BAJAJ-AUTO 2019: ROE - computed=21.21 vs source=26.50, diff=5.29
[version difference] BAJAJ-AUTO 2020: ROE - computed=24.06 vs source=26.50, diff=2.44
[version difference] BAJAJ-AUTO 2021: ROE - computed=17.81 vs source=26.50, diff=8.69
[version difference] BAJAJ-AUTO 2022: ROE - computed=20.65 vs source=26.50, diff=5.85
[version difference] BAJAJ-AUTO 2023: ROE - computed=20.64 vs source=26.50, diff=5.86
[version difference] BAJAJ-AUTO 2024: ROE - computed=26.61 vs source=26.50, diff=0.11
[version difference] AXISBANK 2013: ROE - computed=15.62 vs source=18.40, diff=2.78
[version difference] AXISBANK 2014: ROE - computed=16.19 vs source=18.40, diff=2.21
[version difference] AXISBANK 2015: ROE - computed=16.37 vs source=18.40, diff=2.03
[version difference] AXISBANK 2016: ROE - computed=15.36 vs source=18.40, diff=3.04
[version difference] AXISBANK 2017: ROE - computed=6.53 vs source=18.40, diff=11.87
[version difference] AXISBANK 2018: ROE - computed=0.43 vs source=18.40, diff=17.97
[version difference] AXISBANK 2019: ROE - computed=6.90 vs source=18.40, diff=11.50
[version difference] AXISBANK 2020: ROE - computed=1.88 vs source=18.40, diff=16.52
[version difference] AXISBANK 2021: ROE - computed=6.36 vs source=18.40, diff=12.04
[version difference] AXISBANK 2022: ROE - computed=11.01 vs source=18.40, diff=7.39
[version difference] AXISBANK 2023: ROE - computed=7.38 vs source=18.40, diff=11.02
[version difference] AXISBANK 2024: ROE - computed=15.83 vs source=18.40, diff=2.57
[version difference] BAJAJFINSV 2013: ROE - computed=28.38 vs source=11.72, diff=16.66
[version difference] BAJAJFINSV 2014: ROE - computed=23.53 vs source=11.72, diff=11.81
[version difference] BAJAJFINSV 2015: ROE - computed=21.72 vs source=11.72, diff=10.00
[version difference] BAJAJFINSV 2016: ROE - computed=20.41 vs source=11.72, diff=8.69
[version difference] BAJAJFINSV 2017: ROE - computed=21.36 vs source=11.72, diff=9.64
[version difference] BAJAJFINSV 2018: ROE - computed=20.39 vs source=11.72, diff=8.67
[version difference] BAJAJFINSV 2019: ROE - computed=22.64 vs source=11.72, diff=10.92
[version difference] BAJAJFINSV 2020: ROE - computed=19.15 vs source=11.72, diff=7.43
[version difference] BAJAJFINSV 2021: ROE - computed=20.56 vs source=11.72, diff=8.84
[version difference] BAJAJFINSV 2022: ROE - computed=20.66 vs source=11.72, diff=8.94
[version difference] BAJAJFINSV 2023: ROE - computed=26.31 vs source=11.72, diff=14.59
[version difference] BAJAJFINSV 2024: ROE - computed=25.85 vs source=11.72, diff=14.13
[version difference] BAJAJHLDNG 2013: ROE - computed=17.94 vs source=14.80, diff=3.14
[version difference] BAJAJHLDNG 2014: ROE - computed=16.57 vs source=14.80, diff=1.77
[version difference] BAJAJHLDNG 2015: ROE - computed=15.15 vs source=14.80, diff=0.35
[version difference] BAJAJHLDNG 2016: ROE - computed=14.81 vs source=14.80, diff=0.01
[version difference] BAJAJHLDNG 2017: ROE - computed=13.88 vs source=14.80, diff=0.92
[version difference] BAJAJHLDNG 2018: ROE - computed=10.54 vs source=14.80, diff=4.26
[version difference] BAJAJHLDNG 2019: ROE - computed=11.31 vs source=14.80, diff=3.49
[version difference] BAJAJHLDNG 2020: ROE - computed=11.09 vs source=14.80, diff=3.71
[version difference] BAJAJHLDNG 2021: ROE - computed=9.83 vs source=14.80, diff=4.97
[version difference] BAJAJHLDNG 2022: ROE - computed=9.63 vs source=14.80, diff=5.17
[version difference] BAJAJHLDNG 2023: ROE - computed=11.19 vs source=14.80, diff=3.61
[version difference] BAJAJHLDNG 2024: ROE - computed=13.58 vs source=14.80, diff=1.22
[version difference] BAJFINANCE 2015: ROE - computed=18.71 vs source=22.10, diff=3.39
[version difference] BAJFINANCE 2016: ROE - computed=17.22 vs source=22.10, diff=4.88
[version difference] BAJFINANCE 2017: ROE - computed=19.12 vs source=22.10, diff=2.98
[version difference] BAJFINANCE 2018: ROE - computed=15.75 vs source=22.10, diff=6.35
[version difference] BAJFINANCE 2019: ROE - computed=20.28 vs source=22.10, diff=1.82
[version difference] BAJFINANCE 2020: ROE - computed=16.28 vs source=22.10, diff=5.82
[version difference] BAJFINANCE 2021: ROE - computed=11.97 vs source=22.10, diff=10.13
[version difference] BAJFINANCE 2022: ROE - computed=16.08 vs source=22.10, diff=6.02
[version difference] BAJFINANCE 2023: ROE - computed=21.17 vs source=22.10, diff=0.93
[version difference] BAJFINANCE 2024: ROE - computed=18.84 vs source=22.10, diff=3.26
[version difference] BANKBARODA 2013: ROE - computed=14.51 vs source=16.70, diff=2.19
[version difference] BANKBARODA 2014: ROE - computed=13.31 vs source=16.70, diff=3.39
[version difference] BANKBARODA 2015: ROE - computed=9.40 vs source=16.70, diff=7.30
[version difference] BANKBARODA 2016: ROE - computed=-11.84 vs source=16.70, diff=28.54
[version difference] BANKBARODA 2017: ROE - computed=4.31 vs source=16.70, diff=12.39
[version difference] BANKBARODA 2018: ROE - computed=-3.94 vs source=16.70, diff=20.64
[version difference] BANKBARODA 2019: ROE - computed=2.12 vs source=16.70, diff=14.58
[version difference] BANKBARODA 2020: ROE - computed=1.29 vs source=16.70, diff=15.41
[version difference] BANKBARODA 2021: ROE - computed=1.97 vs source=16.70, diff=14.73
[version difference] BANKBARODA 2022: ROE - computed=8.64 vs source=16.70, diff=8.06
[version difference] BANKBARODA 2023: ROE - computed=14.28 vs source=16.70, diff=2.42
[version difference] BANKBARODA 2024: ROE - computed=15.76 vs source=16.70, diff=0.94
[version difference] BHARTIARTL 2013: ROE - computed=4.50 vs source=14.90, diff=10.40
[version difference] BHARTIARTL 2014: ROE - computed=5.05 vs source=14.90, diff=9.85
[version difference] BHARTIARTL 2015: ROE - computed=12.69 vs source=14.90, diff=2.21
[version difference] BHARTIARTL 2016: ROE - computed=10.32 vs source=14.90, diff=4.58
[version difference] BHARTIARTL 2017: ROE - computed=6.29 vs source=14.90, diff=8.61
[version difference] BHARTIARTL 2018: ROE - computed=3.14 vs source=14.90, diff=11.76
[version difference] BHARTIARTL 2019: ROE - computed=2.36 vs source=14.90, diff=12.54
[version difference] BHARTIARTL 2020: ROE - computed=-39.75 vs source=14.90, diff=54.65
[version difference] BHARTIARTL 2021: ROE - computed=-20.97 vs source=14.90, diff=35.87
[version difference] BHARTIARTL 2022: ROE - computed=12.48 vs source=14.90, diff=2.42
[version difference] BHARTIARTL 2023: ROE - computed=15.84 vs source=14.90, diff=0.94
[version difference] BHARTIARTL 2024: ROE - computed=10.36 vs source=14.90, diff=4.54
[data source issue] BEL 2013: ROE - computed=15183.33 vs source=26.30, diff=15157.03
[data source issue] BEL 2014: ROE - computed=13600.00 vs source=26.30, diff=13573.70
[data source issue] BEL 2015: ROE - computed=17100.00 vs source=26.30, diff=17073.70
[data source issue] BEL 2016: ROE - computed=11141.67 vs source=26.30, diff=11115.37
[data source issue] BEL 2017: ROE - computed=10153.33 vs source=26.30, diff=10127.03
[data source issue] BEL 2018: ROE - computed=4616.13 vs source=26.30, diff=4589.83
[data source issue] BEL 2019: ROE - computed=3851.02 vs source=26.30, diff=3824.72
[data source issue] BEL 2020: ROE - computed=3318.18 vs source=26.30, diff=3291.88
[data source issue] BEL 2021: ROE - computed=3559.32 vs source=26.30, diff=3533.02
[data source issue] BEL 2022: ROE - computed=3478.26 vs source=26.30, diff=3451.96
[data source issue] BEL 2023: ROE - computed=3981.33 vs source=26.30, diff=3955.03
[data source issue] BEL 2024: ROE - computed=4744.05 vs source=26.30, diff=4717.75
[data source issue] BHEL 2013: ROE - computed=21.91 vs source=1.05, diff=20.86
[data source issue] BHEL 2014: ROE - computed=10.56 vs source=1.05, diff=9.51
[data source issue] BHEL 2015: ROE - computed=4.24 vs source=1.05, diff=3.19
[data source issue] BHEL 2016: ROE - computed=-2.18 vs source=1.05, diff=3.23
[data source issue] BHEL 2017: ROE - computed=1.40 vs source=1.05, diff=0.35
[data source issue] BHEL 2018: ROE - computed=1.35 vs source=1.05, diff=0.30
[data source issue] BHEL 2019: ROE - computed=3.24 vs source=1.05, diff=2.19
[data source issue] BHEL 2020: ROE - computed=-5.12 vs source=1.05, diff=6.17
[data source issue] BHEL 2021: ROE - computed=-10.39 vs source=1.05, diff=11.44
[data source issue] BHEL 2022: ROE - computed=1.68 vs source=1.05, diff=0.63
[data source issue] BHEL 2023: ROE - computed=2.68 vs source=1.05, diff=1.63
[data source issue] BHEL 2024: ROE - computed=1.15 vs source=1.05, diff=0.10
[data source issue] BOSCHLTD 2012: ROE - computed=17.19 vs source=16.00, diff=1.19
[data source issue] BOSCHLTD 2013: ROE - computed=14.06 vs source=16.00, diff=1.94
[data source issue] BOSCHLTD 2015: ROE - computed=18.21 vs source=16.00, diff=2.21
[data source issue] BOSCHLTD 2016: ROE - computed=16.06 vs source=16.00, diff=0.06
[data source issue] BOSCHLTD 2017: ROE - computed=19.79 vs source=16.00, diff=3.79
[data source issue] BOSCHLTD 2018: ROE - computed=13.74 vs source=16.00, diff=2.26
[data source issue] BOSCHLTD 2019: ROE - computed=17.51 vs source=16.00, diff=1.51
[version difference] BOSCHLTD 2020: ROE - computed=7.01 vs source=16.00, diff=8.99
[version difference] BOSCHLTD 2021: ROE - computed=4.91 vs source=16.00, diff=11.09
[version difference] BOSCHLTD 2022: ROE - computed=11.39 vs source=16.00, diff=4.61
[version difference] BOSCHLTD 2023: ROE - computed=12.93 vs source=16.00, diff=3.07
[version difference] BOSCHLTD 2024: ROE - computed=20.64 vs source=16.00, diff=4.64
[version difference] BPCL 2013: ROE - computed=11.54 vs source=41.90, diff=30.36
[version difference] BPCL 2014: ROE - computed=20.85 vs source=41.90, diff=21.05
[version difference] BPCL 2015: ROE - computed=22.52 vs source=41.90, diff=19.38
[version difference] BPCL 2016: ROE - computed=29.10 vs source=41.90, diff=12.80
[version difference] BPCL 2017: ROE - computed=30.85 vs source=41.90, diff=11.05
[version difference] BPCL 2018: ROE - computed=26.74 vs source=41.90, diff=15.16
[version difference] BPCL 2019: ROE - computed=22.00 vs source=41.90, diff=19.90
[version difference] BPCL 2020: ROE - computed=10.04 vs source=41.90, diff=31.86
[version difference] BPCL 2021: ROE - computed=32.34 vs source=41.90, diff=9.56
[version difference] BPCL 2022: ROE - computed=22.51 vs source=41.90, diff=19.39
[version difference] BPCL 2023: ROE - computed=3.98 vs source=41.90, diff=37.92
[version difference] BPCL 2024: ROE - computed=35.51 vs source=41.90, diff=6.39
[version difference] BRITANNIA 2013: ROE - computed=46.59 vs source=57.10, diff=10.51
[version difference] BRITANNIA 2014: ROE - computed=49.50 vs source=57.10, diff=7.60
[version difference] BRITANNIA 2015: ROE - computed=55.34 vs source=57.10, diff=1.76
[version difference] BRITANNIA 2016: ROE - computed=39.44 vs source=57.10, diff=17.66
[version difference] BRITANNIA 2017: ROE - computed=32.83 vs source=57.10, diff=24.27
[version difference] BRITANNIA 2018: ROE - computed=29.48 vs source=57.10, diff=27.62
[version difference] BRITANNIA 2019: ROE - computed=27.16 vs source=57.10, diff=29.94
[version difference] BRITANNIA 2020: ROE - computed=31.66 vs source=57.10, diff=25.44
[version difference] BRITANNIA 2021: ROE - computed=52.17 vs source=57.10, diff=4.93
[version difference] BRITANNIA 2022: ROE - computed=59.27 vs source=57.10, diff=2.17
[version difference] BRITANNIA 2023: ROE - computed=65.53 vs source=57.10, diff=8.43
[version difference] BRITANNIA 2024: ROE - computed=54.15 vs source=57.10, diff=2.95
[version difference] CANBK 2013: ROE - computed=11.90 vs source=17.90, diff=6.00
[version difference] CANBK 2014: ROE - computed=8.85 vs source=17.90, diff=9.05
[version difference] CANBK 2015: ROE - computed=9.02 vs source=17.90, diff=8.88
[version difference] CANBK 2016: ROE - computed=-7.82 vs source=17.90, diff=25.72
[version difference] CANBK 2017: ROE - computed=4.07 vs source=17.90, diff=13.83
[version difference] CANBK 2018: ROE - computed=-10.50 vs source=17.90, diff=28.40
[version difference] CANBK 2019: ROE - computed=1.85 vs source=17.90, diff=16.05
[version difference] CANBK 2020: ROE - computed=-4.66 vs source=17.90, diff=22.56
[version difference] CANBK 2021: ROE - computed=4.74 vs source=17.90, diff=13.16
[version difference] CANBK 2022: ROE - computed=8.80 vs source=17.90, diff=9.10
[version difference] CANBK 2023: ROE - computed=14.53 vs source=17.90, diff=3.37
[version difference] CANBK 2024: ROE - computed=16.72 vs source=17.90, diff=1.18
[version difference] CHOLAFIN 2013: ROE - computed=15.78 vs source=20.20, diff=4.42
[version difference] CHOLAFIN 2014: ROE - computed=16.09 vs source=20.20, diff=4.11
[version difference] CHOLAFIN 2015: ROE - computed=16.60 vs source=20.20, diff=3.60
[version difference] CHOLAFIN 2016: ROE - computed=15.67 vs source=20.20, diff=4.53
[version difference] CHOLAFIN 2017: ROE - computed=16.71 vs source=20.20, diff=3.49
[version difference] CHOLAFIN 2018: ROE - computed=17.91 vs source=20.20, diff=2.29
[version difference] CHOLAFIN 2019: ROE - computed=19.28 vs source=20.20, diff=0.92
[version difference] CHOLAFIN 2020: ROE - computed=12.85 vs source=20.20, diff=7.35
[version difference] CHOLAFIN 2021: ROE - computed=15.84 vs source=20.20, diff=4.36
[version difference] CHOLAFIN 2022: ROE - computed=18.30 vs source=20.20, diff=1.90
[version difference] CHOLAFIN 2023: ROE - computed=18.58 vs source=20.20, diff=1.62
[version difference] CHOLAFIN 2024: ROE - computed=17.46 vs source=20.20, diff=2.74
[version difference] CIPLA 2013: ROE - computed=17.13 vs source=16.80, diff=0.33
[version difference] CIPLA 2014: ROE - computed=13.97 vs source=16.80, diff=2.83
[version difference] CIPLA 2015: ROE - computed=11.38 vs source=16.80, diff=5.42
[version difference] CIPLA 2016: ROE - computed=12.01 vs source=16.80, diff=4.79
[version difference] CIPLA 2017: ROE - computed=8.25 vs source=16.80, diff=8.55
[version difference] CIPLA 2018: ROE - computed=9.96 vs source=16.80, diff=6.84
[version difference] CIPLA 2019: ROE - computed=9.94 vs source=16.80, diff=6.86
[version difference] CIPLA 2020: ROE - computed=9.52 vs source=16.80, diff=7.28
[version difference] CIPLA 2021: ROE - computed=13.04 vs source=16.80, diff=3.76
[version difference] CIPLA 2022: ROE - computed=12.22 vs source=16.80, diff=4.58
[version difference] CIPLA 2023: ROE - computed=12.10 vs source=16.80, diff=4.70
[version difference] CIPLA 2024: ROE - computed=15.55 vs source=16.80, diff=1.25
[version difference] COALINDIA 2013: ROE - computed=35.81 vs source=52.00, diff=16.19
[version difference] COALINDIA 2014: ROE - computed=35.64 vs source=52.00, diff=16.36
[version difference] COALINDIA 2015: ROE - computed=34.02 vs source=52.00, diff=17.98
[version difference] COALINDIA 2016: ROE - computed=40.96 vs source=52.00, diff=11.04
[version difference] COALINDIA 2017: ROE - computed=37.85 vs source=52.00, diff=14.15
[version difference] COALINDIA 2018: ROE - computed=34.88 vs source=52.00, diff=17.12
[version difference] COALINDIA 2019: ROE - computed=66.01 vs source=52.00, diff=14.01
[version difference] COALINDIA 2020: ROE - computed=51.93 vs source=52.00, diff=0.07
[version difference] COALINDIA 2021: ROE - computed=34.78 vs source=52.00, diff=17.22
[version difference] COALINDIA 2022: ROE - computed=40.28 vs source=52.00, diff=11.72
[version difference] COALINDIA 2023: ROE - computed=52.14 vs source=52.00, diff=0.14
[version difference] COALINDIA 2024: ROE - computed=45.17 vs source=52.00, diff=6.83
[version difference] DABUR 2013: ROE - computed=36.56 vs source=19.20, diff=17.36
[version difference] DABUR 2014: ROE - computed=34.49 vs source=19.20, diff=15.29
[version difference] DABUR 2015: ROE - computed=31.84 vs source=19.20, diff=12.64
[version difference] DABUR 2016: ROE - computed=30.06 vs source=19.20, diff=10.86
[version difference] DABUR 2017: ROE - computed=26.41 vs source=19.20, diff=7.21
[version difference] DABUR 2018: ROE - computed=23.80 vs source=19.20, diff=4.60
[version difference] DABUR 2019: ROE - computed=25.67 vs source=19.20, diff=6.47
[version difference] DABUR 2020: ROE - computed=21.92 vs source=19.20, diff=2.72
[version difference] DABUR 2021: ROE - computed=22.12 vs source=19.20, diff=2.92
[version difference] DABUR 2022: ROE - computed=20.78 vs source=19.20, diff=1.58
[version difference] DABUR 2023: ROE - computed=18.96 vs source=19.20, diff=0.24
[version difference] DABUR 2024: ROE - computed=18.36 vs source=19.20, diff=0.84
[version difference] DIVISLAB 2013: ROE - computed=24.07 vs source=12.20, diff=11.87
[version difference] DIVISLAB 2014: ROE - computed=26.08 vs source=12.20, diff=13.88
[version difference] DIVISLAB 2015: ROE - computed=24.37 vs source=12.20, diff=12.17
[version difference] DIVISLAB 2016: ROE - computed=26.23 vs source=12.20, diff=14.03
[version difference] DIVISLAB 2017: ROE - computed=19.79 vs source=12.20, diff=7.59
[version difference] DIVISLAB 2018: ROE - computed=14.80 vs source=12.20, diff=2.60
[version difference] DIVISLAB 2019: ROE - computed=19.45 vs source=12.20, diff=7.25
[version difference] DIVISLAB 2020: ROE - computed=18.84 vs source=12.20, diff=6.64
[version difference] DIVISLAB 2021: ROE - computed=21.34 vs source=12.20, diff=9.14
[version difference] DIVISLAB 2022: ROE - computed=25.24 vs source=12.20, diff=13.04
[version difference] DIVISLAB 2023: ROE - computed=14.29 vs source=12.20, diff=2.09
[version difference] DIVISLAB 2024: ROE - computed=11.79 vs source=12.20, diff=0.41
[version difference] DLF 2013: ROE - computed=2.59 vs source=6.95, diff=4.36
[version difference] DLF 2014: ROE - computed=2.15 vs source=6.95, diff=4.80
[version difference] DLF 2015: ROE - computed=1.85 vs source=6.95, diff=5.10
[version difference] DLF 2016: ROE - computed=1.27 vs source=6.95, diff=5.68
[version difference] DLF 2017: ROE - computed=2.88 vs source=6.95, diff=4.07
[version difference] DLF 2018: ROE - computed=12.68 vs source=6.95, diff=5.73
[version difference] DLF 2019: ROE - computed=3.91 vs source=6.95, diff=3.04
[version difference] DLF 2020: ROE - computed=-1.71 vs source=6.95, diff=8.66
[version difference] DLF 2021: ROE - computed=3.06 vs source=6.95, diff=3.89
[version difference] DLF 2022: ROE - computed=4.13 vs source=6.95, diff=2.82
[version difference] DLF 2023: ROE - computed=5.40 vs source=6.95, diff=1.55
[version difference] DLF 2024: ROE - computed=6.91 vs source=6.95, diff=0.04
[version difference] DMART 2013: ROE - computed=11.91 vs source=14.50, diff=2.59
[version difference] DMART 2014: ROE - computed=16.84 vs source=14.50, diff=2.34
[version difference] DMART 2015: ROE - computed=17.67 vs source=14.50, diff=3.17
[version difference] DMART 2016: ROE - computed=21.04 vs source=14.50, diff=6.54
[version difference] DMART 2017: ROE - computed=12.47 vs source=14.50, diff=2.03
[version difference] DMART 2018: ROE - computed=17.26 vs source=14.50, diff=2.76
[version difference] DMART 2019: ROE - computed=16.14 vs source=14.50, diff=1.64
[version difference] DMART 2020: ROE - computed=11.74 vs source=14.50, diff=2.76
[version difference] DMART 2021: ROE - computed=9.02 vs source=14.50, diff=5.48
[version difference] DMART 2022: ROE - computed=10.91 vs source=14.50, diff=3.59
[version difference] DMART 2023: ROE - computed=14.79 vs source=14.50, diff=0.29
[version difference] DMART 2024: ROE - computed=13.56 vs source=14.50, diff=0.94
[version difference] DRREDDY 2013: ROE - computed=23.98 vs source=21.40, diff=2.58
[version difference] DRREDDY 2014: ROE - computed=24.96 vs source=21.40, diff=3.56
[version difference] DRREDDY 2015: ROE - computed=23.71 vs source=21.40, diff=2.31
[version difference] DRREDDY 2016: ROE - computed=16.95 vs source=21.40, diff=4.45
[version difference] DRREDDY 2017: ROE - computed=10.54 vs source=21.40, diff=10.86
[version difference] DRREDDY 2018: ROE - computed=7.53 vs source=21.40, diff=13.87
[version difference] DRREDDY 2019: ROE - computed=13.90 vs source=21.40, diff=7.50
[version difference] DRREDDY 2020: ROE - computed=12.99 vs source=21.40, diff=8.41
[version difference] DRREDDY 2021: ROE - computed=11.07 vs source=21.40, diff=10.33
[version difference] DRREDDY 2022: ROE - computed=11.36 vs source=21.40, diff=10.04
[version difference] DRREDDY 2023: ROE - computed=19.35 vs source=21.40, diff=2.05
[version difference] DRREDDY 2024: ROE - computed=19.74 vs source=21.40, diff=1.66
[version difference] EICHERMOT 2012: ROE - computed=27.07 vs source=24.20, diff=2.87
[version difference] EICHERMOT 2013: ROE - computed=25.55 vs source=24.20, diff=1.35
[version difference] EICHERMOT 2014: ROE - computed=27.90 vs source=24.20, diff=3.70
[version difference] EICHERMOT 2016: ROE - computed=36.63 vs source=24.20, diff=12.43
[version difference] EICHERMOT 2017: ROE - computed=31.19 vs source=24.20, diff=6.99
[version difference] EICHERMOT 2018: ROE - computed=27.88 vs source=24.20, diff=3.68
[version difference] EICHERMOT 2019: ROE - computed=24.70 vs source=24.20, diff=0.50
[version difference] EICHERMOT 2020: ROE - computed=18.30 vs source=24.20, diff=5.90
[version difference] EICHERMOT 2021: ROE - computed=11.78 vs source=24.20, diff=12.42
[version difference] EICHERMOT 2022: ROE - computed=13.30 vs source=24.20, diff=10.90
[version difference] EICHERMOT 2023: ROE - computed=19.44 vs source=24.20, diff=4.76
[version difference] EICHERMOT 2024: ROE - computed=22.17 vs source=24.20, diff=2.03
[version difference] GAIL 2013: ROE - computed=15.17 vs source=14.00, diff=1.17
[version difference] GAIL 2014: ROE - computed=14.75 vs source=14.00, diff=0.75
[version difference] GAIL 2015: ROE - computed=9.29 vs source=14.00, diff=4.71
[version difference] GAIL 2016: ROE - computed=5.15 vs source=14.00, diff=8.85
[version difference] GAIL 2017: ROE - computed=8.58 vs source=14.00, diff=5.42
[version difference] GAIL 2018: ROE - computed=11.53 vs source=14.00, diff=2.47
[version difference] GAIL 2019: ROE - computed=14.24 vs source=14.00, diff=0.24
[version difference] GAIL 2020: ROE - computed=19.31 vs source=14.00, diff=5.31
[version difference] GAIL 2021: ROE - computed=11.55 vs source=14.00, diff=2.45
[version difference] GAIL 2022: ROE - computed=19.19 vs source=14.00, diff=5.19
[version difference] GAIL 2023: ROE - computed=8.62 vs source=14.00, diff=5.38
[version difference] GAIL 2024: ROE - computed=12.86 vs source=14.00, diff=1.14
[version difference] GODREJCP 2013: ROE - computed=25.51 vs source=6.77, diff=18.74
[version difference] GODREJCP 2014: ROE - computed=21.70 vs source=6.77, diff=14.93
[version difference] GODREJCP 2015: ROE - computed=22.64 vs source=6.77, diff=15.87
[version difference] GODREJCP 2016: ROE - computed=19.48 vs source=6.77, diff=12.71
[version difference] GODREJCP 2017: ROE - computed=24.67 vs source=6.77, diff=17.90
[version difference] GODREJCP 2018: ROE - computed=26.11 vs source=6.77, diff=19.34
[version difference] GODREJCP 2019: ROE - computed=32.23 vs source=6.77, diff=25.46
[version difference] GODREJCP 2020: ROE - computed=18.95 vs source=6.77, diff=12.18
[version difference] GODREJCP 2021: ROE - computed=18.23 vs source=6.77, diff=11.46
[version difference] GODREJCP 2022: ROE - computed=15.43 vs source=6.77, diff=8.66
[version difference] GODREJCP 2023: ROE - computed=12.34 vs source=6.77, diff=5.57
[version difference] GODREJCP 2024: ROE - computed=-4.45 vs source=6.77, diff=11.22
[version difference] GRASIM 2013: ROE - computed=19.22 vs source=6.90, diff=12.32
[version difference] GRASIM 2014: ROE - computed=13.67 vs source=6.90, diff=6.77
[version difference] GRASIM 2015: ROE - computed=11.16 vs source=6.90, diff=4.26
[version difference] GRASIM 2016: ROE - computed=12.60 vs source=6.90, diff=5.70
[version difference] GRASIM 2017: ROE - computed=13.53 vs source=6.90, diff=6.63
[version difference] GRASIM 2018: ROE - computed=6.43 vs source=6.90, diff=0.47
[version difference] GRASIM 2019: ROE - computed=4.73 vs source=6.90, diff=2.17
[version difference] GRASIM 2020: ROE - computed=11.72 vs source=6.90, diff=4.82
[version difference] GRASIM 2021: ROE - computed=10.67 vs source=6.90, diff=3.77
[version difference] GRASIM 2022: ROE - computed=14.80 vs source=6.90, diff=7.90
[version difference] GRASIM 2023: ROE - computed=14.07 vs source=6.90, diff=7.17
[version difference] GRASIM 2024: ROE - computed=11.20 vs source=6.90, diff=4.30
[data source issue] HAL 2016: ROE - computed=1665.00 vs source=28.90, diff=1636.10
[data source issue] HAL 2017: ROE - computed=1966.92 vs source=28.90, diff=1938.02
[data source issue] HAL 2018: ROE - computed=1528.46 vs source=28.90, diff=1499.56
[data source issue] HAL 2019: ROE - computed=1763.91 vs source=28.90, diff=1735.01
[data source issue] HAL 2020: ROE - computed=2059.42 vs source=28.90, diff=2030.52
[data source issue] HAL 2021: ROE - computed=2249.31 vs source=28.90, diff=2220.41
[data source issue] HAL 2022: ROE - computed=3324.18 vs source=28.90, diff=3295.28
[data source issue] HAL 2023: ROE - computed=3283.05 vs source=28.90, diff=3254.15
[data source issue] HAL 2024: ROE - computed=3816.58 vs source=28.90, diff=3787.68
[version difference] HAVELLS 2013: ROE - computed=40.29 vs source=18.00, diff=22.29
[version difference] HAVELLS 2014: ROE - computed=26.77 vs source=18.00, diff=8.77
[version difference] HAVELLS 2015: ROE - computed=21.18 vs source=18.00, diff=3.18
[version difference] HAVELLS 2016: ROE - computed=42.95 vs source=18.00, diff=24.95
[version difference] HAVELLS 2017: ROE - computed=15.08 vs source=18.00, diff=2.92
[version difference] HAVELLS 2018: ROE - computed=17.72 vs source=18.00, diff=0.28
[version difference] HAVELLS 2019: ROE - computed=18.77 vs source=18.00, diff=0.77
[version difference] HAVELLS 2020: ROE - computed=17.05 vs source=18.00, diff=0.95
[version difference] HAVELLS 2021: ROE - computed=20.17 vs source=18.00, diff=2.17
[version difference] HAVELLS 2022: ROE - computed=19.92 vs source=18.00, diff=1.92
[version difference] HAVELLS 2023: ROE - computed=16.18 vs source=18.00, diff=1.82
[version difference] HAVELLS 2024: ROE - computed=17.07 vs source=18.00, diff=0.93
[version difference] HCLTECH 2013: ROE - computed=30.69 vs source=23.30, diff=7.39
[version difference] HCLTECH 2014: ROE - computed=33.39 vs source=23.30, diff=10.09
[version difference] HCLTECH 2015: ROE - computed=30.31 vs source=23.30, diff=7.01
[version difference] HCLTECH 2016: ROE - computed=20.45 vs source=23.30, diff=2.85
[version difference] HCLTECH 2017: ROE - computed=26.12 vs source=23.30, diff=2.82
[version difference] HCLTECH 2018: ROE - computed=23.97 vs source=23.30, diff=0.67
[version difference] HCLTECH 2019: ROE - computed=24.46 vs source=23.30, diff=1.16
[version difference] HCLTECH 2020: ROE - computed=21.57 vs source=23.30, diff=1.73
[version difference] HCLTECH 2021: ROE - computed=18.64 vs source=23.30, diff=4.66
[version difference] HCLTECH 2022: ROE - computed=21.84 vs source=23.30, diff=1.46
[version difference] HCLTECH 2023: ROE - computed=22.70 vs source=23.30, diff=0.60
[version difference] HCLTECH 2024: ROE - computed=23.01 vs source=23.30, diff=0.29
[version difference] HDFCBANK 2013: ROE - computed=18.84 vs source=17.10, diff=1.74
[version difference] HDFCBANK 2014: ROE - computed=19.85 vs source=17.10, diff=2.75
[version difference] HDFCBANK 2015: ROE - computed=16.95 vs source=17.10, diff=0.15
[version difference] HDFCBANK 2016: ROE - computed=17.25 vs source=17.10, diff=0.15
[version difference] HDFCBANK 2017: ROE - computed=16.69 vs source=17.10, diff=0.41
[version difference] HDFCBANK 2018: ROE - computed=16.94 vs source=17.10, diff=0.16
[version difference] HDFCBANK 2019: ROE - computed=14.61 vs source=17.10, diff=2.49
[version difference] HDFCBANK 2020: ROE - computed=15.48 vs source=17.10, diff=1.62
[version difference] HDFCBANK 2021: ROE - computed=15.18 vs source=17.10, diff=1.92
[version difference] HDFCBANK 2022: ROE - computed=15.43 vs source=17.10, diff=1.67
[version difference] HDFCBANK 2023: ROE - computed=15.94 vs source=17.10, diff=1.16
[version difference] HDFCBANK 2024: ROE - computed=14.34 vs source=17.10, diff=2.76
[version difference] HDFCLIFE 2013: ROE - computed=33.43 vs source=11.40, diff=22.03
[version difference] HDFCLIFE 2014: ROE - computed=37.60 vs source=11.40, diff=26.20
[version difference] HDFCLIFE 2015: ROE - computed=30.93 vs source=11.40, diff=19.53
[version difference] HDFCLIFE 2016: ROE - computed=26.33 vs source=11.40, diff=14.93
[version difference] HDFCLIFE 2017: ROE - computed=23.18 vs source=11.40, diff=11.78
[version difference] HDFCLIFE 2018: ROE - computed=23.53 vs source=11.40, diff=12.13
[version difference] HDFCLIFE 2019: ROE - computed=22.65 vs source=11.40, diff=11.25
[version difference] HDFCLIFE 2020: ROE - computed=19.05 vs source=11.40, diff=7.65
[version difference] HDFCLIFE 2021: ROE - computed=15.75 vs source=11.40, diff=4.35
[version difference] HDFCLIFE 2022: ROE - computed=8.50 vs source=11.40, diff=2.90
[version difference] HDFCLIFE 2023: ROE - computed=10.53 vs source=11.40, diff=0.87
[version difference] HDFCLIFE 2024: ROE - computed=10.73 vs source=11.40, diff=0.67
[version difference] HEROMOTOCO 2014: ROE - computed=37.38 vs source=22.00, diff=15.38
[version difference] HEROMOTOCO 2015: ROE - computed=36.15 vs source=22.00, diff=14.15
[version difference] HEROMOTOCO 2016: ROE - computed=35.23 vs source=22.00, diff=13.23
[version difference] HEROMOTOCO 2017: ROE - computed=34.37 vs source=22.00, diff=12.37
[version difference] HEROMOTOCO 2018: ROE - computed=31.09 vs source=22.00, diff=9.09
[version difference] HEROMOTOCO 2019: ROE - computed=26.42 vs source=22.00, diff=4.42
[version difference] HEROMOTOCO 2020: ROE - computed=25.40 vs source=22.00, diff=3.40
[version difference] HEROMOTOCO 2021: ROE - computed=19.05 vs source=22.00, diff=2.95
[version difference] HEROMOTOCO 2022: ROE - computed=14.70 vs source=22.00, diff=7.30
[version difference] HEROMOTOCO 2023: ROE - computed=16.81 vs source=22.00, diff=5.19
[version difference] HEROMOTOCO 2024: ROE - computed=21.14 vs source=22.00, diff=0.86
[version difference] HINDALCO 2013: ROE - computed=8.51 vs source=10.20, diff=1.69
[version difference] HINDALCO 2014: ROE - computed=5.41 vs source=10.20, diff=4.79
[version difference] HINDALCO 2015: ROE - computed=0.68 vs source=10.20, diff=9.52
[version difference] HINDALCO 2016: ROE - computed=-1.73 vs source=10.20, diff=11.93
[version difference] HINDALCO 2017: ROE - computed=4.09 vs source=10.20, diff=6.11
[version difference] HINDALCO 2018: ROE - computed=11.09 vs source=10.20, diff=0.89
[version difference] HINDALCO 2019: ROE - computed=9.56 vs source=10.20, diff=0.64
[version difference] HINDALCO 2020: ROE - computed=6.46 vs source=10.20, diff=3.74
[version difference] HINDALCO 2021: ROE - computed=5.23 vs source=10.20, diff=4.97
[version difference] HINDALCO 2022: ROE - computed=17.56 vs source=10.20, diff=7.36
[version difference] HINDALCO 2023: ROE - computed=10.65 vs source=10.20, diff=0.45
[version difference] HINDALCO 2024: ROE - computed=9.57 vs source=10.20, diff=0.63
[version difference] HINDUNILVR 2013: ROE - computed=134.00 vs source=20.20, diff=113.80
[version difference] HINDUNILVR 2014: ROE - computed=111.85 vs source=20.20, diff=91.65
[version difference] HINDUNILVR 2015: ROE - computed=108.67 vs source=20.20, diff=88.47
[version difference] HINDUNILVR 2016: ROE - computed=63.15 vs source=20.20, diff=42.95
[version difference] HINDUNILVR 2017: ROE - computed=66.58 vs source=20.20, diff=46.38
[version difference] HINDUNILVR 2018: ROE - computed=71.79 vs source=20.20, diff=51.59
[version difference] HINDUNILVR 2019: ROE - computed=77.03 vs source=20.20, diff=56.83
[version difference] HINDUNILVR 2020: ROE - computed=82.10 vs source=20.20, diff=61.90
[version difference] HINDUNILVR 2021: ROE - computed=16.78 vs source=20.20, diff=3.42
[version difference] HINDUNILVR 2022: ROE - computed=18.12 vs source=20.20, diff=2.08
[version difference] HINDUNILVR 2023: ROE - computed=20.16 vs source=20.20, diff=0.04
[version difference] HINDUNILVR 2024: ROE - computed=20.07 vs source=20.20, diff=0.13
[version difference] ICICIBANK 2013: ROE - computed=14.73 vs source=18.80, diff=4.07
[version difference] ICICIBANK 2014: ROE - computed=15.28 vs source=18.80, diff=3.52
[version difference] ICICIBANK 2015: ROE - computed=15.28 vs source=18.80, diff=3.52
[version difference] ICICIBANK 2016: ROE - computed=11.61 vs source=18.80, diff=7.19
[version difference] ICICIBANK 2017: ROE - computed=10.84 vs source=18.80, diff=7.96
[version difference] ICICIBANK 2018: ROE - computed=8.23 vs source=18.80, diff=10.57
[version difference] ICICIBANK 2019: ROE - computed=4.98 vs source=18.80, diff=13.82
[version difference] ICICIBANK 2020: ROE - computed=9.13 vs source=18.80, diff=9.67
[version difference] ICICIBANK 2021: ROE - computed=12.92 vs source=18.80, diff=5.88
[version difference] ICICIBANK 2022: ROE - computed=14.58 vs source=18.80, diff=4.22
[version difference] ICICIBANK 2023: ROE - computed=16.53 vs source=18.80, diff=2.27
[version difference] ICICIBANK 2024: ROE - computed=17.99 vs source=18.80, diff=0.81
[version difference] ICICIGI 2013: ROE - computed=18.88 vs source=17.00, diff=1.88
[version difference] ICICIGI 2014: ROE - computed=21.72 vs source=17.00, diff=4.72
[version difference] ICICIGI 2015: ROE - computed=20.27 vs source=17.00, diff=3.27
[version difference] ICICIGI 2016: ROE - computed=15.66 vs source=17.00, diff=1.34
[version difference] ICICIGI 2017: ROE - computed=18.00 vs source=17.00, diff=1.00
[version difference] ICICIGI 2018: ROE - computed=18.98 vs source=17.00, diff=1.98
[version difference] ICICIGI 2019: ROE - computed=19.43 vs source=17.00, diff=2.43
[version difference] ICICIGI 2020: ROE - computed=19.47 vs source=17.00, diff=2.47
[version difference] ICICIGI 2021: ROE - computed=19.38 vs source=17.00, diff=2.38
[version difference] ICICIGI 2022: ROE - computed=13.83 vs source=17.00, diff=3.17
[version difference] ICICIGI 2023: ROE - computed=16.55 vs source=17.00, diff=0.45
[version difference] ICICIGI 2024: ROE - computed=15.72 vs source=17.00, diff=1.28
[version difference] ICICIPRULI 2013: ROE - computed=38.25 vs source=8.07, diff=30.18
[version difference] ICICIPRULI 2014: ROE - computed=35.61 vs source=8.07, diff=27.54
[version difference] ICICIPRULI 2015: ROE - computed=31.15 vs source=8.07, diff=23.08
[version difference] ICICIPRULI 2016: ROE - computed=31.00 vs source=8.07, diff=22.93
[version difference] ICICIPRULI 2017: ROE - computed=26.26 vs source=8.07, diff=18.19
[version difference] ICICIPRULI 2018: ROE - computed=24.63 vs source=8.07, diff=16.56
[version difference] ICICIPRULI 2019: ROE - computed=16.58 vs source=8.07, diff=8.51
[version difference] ICICIPRULI 2020: ROE - computed=14.79 vs source=8.07, diff=6.72
[version difference] ICICIPRULI 2021: ROE - computed=10.50 vs source=8.07, diff=2.43
[version difference] ICICIPRULI 2022: ROE - computed=8.29 vs source=8.07, diff=0.22
[version difference] ICICIPRULI 2023: ROE - computed=8.06 vs source=8.07, diff=0.01
[version difference] ICICIPRULI 2024: ROE - computed=7.73 vs source=8.07, diff=0.34
[version difference] INDUSINDBK 2013: ROE - computed=13.91 vs source=15.20, diff=1.29
[version difference] INDUSINDBK 2014: ROE - computed=15.57 vs source=15.20, diff=0.37
[version difference] INDUSINDBK 2015: ROE - computed=16.85 vs source=15.20, diff=1.65
[version difference] INDUSINDBK 2016: ROE - computed=12.92 vs source=15.20, diff=2.28
[version difference] INDUSINDBK 2017: ROE - computed=13.89 vs source=15.20, diff=1.31
[version difference] INDUSINDBK 2018: ROE - computed=15.13 vs source=15.20, diff=0.07
[version difference] INDUSINDBK 2019: ROE - computed=12.37 vs source=15.20, diff=2.83
[version difference] INDUSINDBK 2020: ROE - computed=12.73 vs source=15.20, diff=2.47
[version difference] INDUSINDBK 2021: ROE - computed=6.54 vs source=15.20, diff=8.66
[version difference] INDUSINDBK 2022: ROE - computed=9.67 vs source=15.20, diff=5.53
[version difference] INDUSINDBK 2023: ROE - computed=13.53 vs source=15.20, diff=1.67
[version difference] INDUSINDBK 2024: ROE - computed=14.25 vs source=15.20, diff=0.95
[version difference] INFY 2013: ROE - computed=24.82 vs source=31.80, diff=6.98
[version difference] INFY 2014: ROE - computed=23.93 vs source=31.80, diff=7.87
[version difference] INFY 2015: ROE - computed=24.39 vs source=31.80, diff=7.41
[version difference] INFY 2016: ROE - computed=21.85 vs source=31.80, diff=9.95
[version difference] INFY 2017: ROE - computed=20.81 vs source=31.80, diff=10.99
[version difference] INFY 2018: ROE - computed=24.69 vs source=31.80, diff=7.11
[version difference] INFY 2019: ROE - computed=23.73 vs source=31.80, diff=8.07
[version difference] INFY 2020: ROE - computed=25.42 vs source=31.80, diff=6.38
[version difference] INFY 2021: ROE - computed=25.44 vs source=31.80, diff=6.36
[version difference] INFY 2022: ROE - computed=29.39 vs source=31.80, diff=2.41
[version difference] INFY 2023: ROE - computed=31.97 vs source=31.80, diff=0.17
[version difference] INFY 2024: ROE - computed=29.79 vs source=31.80, diff=2.01
[version difference] IOC 2013: ROE - computed=5.75 vs source=25.44, diff=19.69
[version difference] IOC 2014: ROE - computed=10.26 vs source=25.44, diff=15.18
[version difference] IOC 2015: ROE - computed=7.08 vs source=25.44, diff=18.36
[version difference] IOC 2016: ROE - computed=13.80 vs source=25.44, diff=11.64
[version difference] IOC 2017: ROE - computed=19.97 vs source=25.44, diff=5.47
[version difference] IOC 2018: ROE - computed=19.87 vs source=25.44, diff=5.57
[version difference] IOC 2019: ROE - computed=15.36 vs source=25.44, diff=10.08
[version difference] IOC 2020: ROE - computed=-1.97 vs source=25.44, diff=27.41
[version difference] IOC 2021: ROE - computed=19.46 vs source=25.44, diff=5.98
[version difference] IOC 2022: ROE - computed=19.27 vs source=25.44, diff=6.17
[version difference] IOC 2023: ROE - computed=8.38 vs source=25.44, diff=17.06
[version difference] IOC 2024: ROE - computed=23.53 vs source=25.44, diff=1.91
[version difference] IRCTC 2015: ROE - computed=29.50 vs source=40.40, diff=10.90
[version difference] IRCTC 2016: ROE - computed=34.87 vs source=40.40, diff=5.53
[version difference] IRCTC 2017: ROE - computed=29.10 vs source=40.40, diff=11.30
[version difference] IRCTC 2018: ROE - computed=23.14 vs source=40.40, diff=17.26
[version difference] IRCTC 2019: ROE - computed=28.85 vs source=40.40, diff=11.55
[version difference] IRCTC 2020: ROE - computed=39.04 vs source=40.40, diff=1.36
[version difference] IRCTC 2021: ROE - computed=12.84 vs source=40.40, diff=27.56
[version difference] IRCTC 2022: ROE - computed=35.29 vs source=40.40, diff=5.11
[version difference] IRCTC 2023: ROE - computed=40.60 vs source=40.40, diff=0.20
[version difference] IRCTC 2024: ROE - computed=34.40 vs source=40.40, diff=6.00
[version difference] IRFC 2013: ROE - computed=8.16 vs source=13.70, diff=5.54
[version difference] IRFC 2014: ROE - computed=9.27 vs source=13.70, diff=4.43
[version difference] IRFC 2015: ROE - computed=8.73 vs source=13.70, diff=4.97
[version difference] IRFC 2016: ROE - computed=7.37 vs source=13.70, diff=6.33
[version difference] IRFC 2017: ROE - computed=7.78 vs source=13.70, diff=5.92
[version difference] IRFC 2018: ROE - computed=14.75 vs source=13.70, diff=1.05
[version difference] IRFC 2019: ROE - computed=9.01 vs source=13.70, diff=4.69
[version difference] IRFC 2020: ROE - computed=10.54 vs source=13.70, diff=3.16
[version difference] IRFC 2021: ROE - computed=12.30 vs source=13.70, diff=1.40
[version difference] IRFC 2022: ROE - computed=14.85 vs source=13.70, diff=1.15
[version difference] IRFC 2023: ROE - computed=13.80 vs source=13.70, diff=0.10
[version difference] IRFC 2024: ROE - computed=13.04 vs source=13.70, diff=0.66
[version difference] ITC 2013: ROE - computed=33.27 vs source=29.47, diff=3.80
[version difference] ITC 2014: ROE - computed=33.05 vs source=29.47, diff=3.58
[version difference] ITC 2015: ROE - computed=30.81 vs source=29.47, diff=1.34
[version difference] ITC 2016: ROE - computed=22.26 vs source=29.47, diff=7.21
[version difference] ITC 2017: ROE - computed=22.57 vs source=29.47, diff=6.90
[version difference] ITC 2018: ROE - computed=21.89 vs source=29.47, diff=7.58
[version difference] ITC 2019: ROE - computed=21.70 vs source=29.47, diff=7.77
[version difference] ITC 2020: ROE - computed=23.89 vs source=29.47, diff=5.58
[version difference] ITC 2021: ROE - computed=22.18 vs source=29.47, diff=7.29
[version difference] ITC 2022: ROE - computed=24.82 vs source=29.47, diff=4.65
[version difference] ITC 2023: ROE - computed=28.16 vs source=29.47, diff=1.31
[version difference] ITC 2024: ROE - computed=27.85 vs source=29.47, diff=1.62
[version difference] JINDALSTEL 2013: ROE - computed=13.89 vs source=14.10, diff=0.21
[version difference] JINDALSTEL 2014: ROE - computed=8.39 vs source=14.10, diff=5.71
[version difference] JINDALSTEL 2015: ROE - computed=-6.90 vs source=14.10, diff=21.00
[version difference] JINDALSTEL 2016: ROE - computed=-9.52 vs source=14.10, diff=23.62
[version difference] JINDALSTEL 2017: ROE - computed=-8.45 vs source=14.10, diff=22.55
[version difference] JINDALSTEL 2018: ROE - computed=-5.32 vs source=14.10, diff=19.42
[version difference] JINDALSTEL 2019: ROE - computed=-7.52 vs source=14.10, diff=21.62
[version difference] JINDALSTEL 2020: ROE - computed=-1.24 vs source=14.10, diff=15.34
[version difference] JINDALSTEL 2021: ROE - computed=13.41 vs source=14.10, diff=0.69
[version difference] JINDALSTEL 2022: ROE - computed=18.99 vs source=14.10, diff=4.89
[version difference] JINDALSTEL 2023: ROE - computed=10.27 vs source=14.10, diff=3.83
[version difference] JINDALSTEL 2024: ROE - computed=13.41 vs source=14.10, diff=0.69
[version difference] JIOFIN 2023: ROE - computed=0.03 vs source=1.82, diff=1.79
[version difference] JIOFIN 2024: ROE - computed=1.15 vs source=1.82, diff=0.67
[version difference] JSWENERGY 2013: ROE - computed=14.52 vs source=8.40, diff=6.12
[version difference] JSWENERGY 2014: ROE - computed=11.57 vs source=8.40, diff=3.17
[version difference] JSWENERGY 2015: ROE - computed=18.06 vs source=8.40, diff=9.66
[version difference] JSWENERGY 2016: ROE - computed=15.05 vs source=8.40, diff=6.65
[version difference] JSWENERGY 2017: ROE - computed=6.01 vs source=8.40, diff=2.39
[version difference] JSWENERGY 2018: ROE - computed=0.77 vs source=8.40, diff=7.63
[version difference] JSWENERGY 2019: ROE - computed=5.79 vs source=8.40, diff=2.61
[version difference] JSWENERGY 2020: ROE - computed=9.28 vs source=8.40, diff=0.88
[version difference] JSWENERGY 2021: ROE - computed=5.67 vs source=8.40, diff=2.73
[version difference] JSWENERGY 2022: ROE - computed=10.01 vs source=8.40, diff=1.61
[version difference] JSWENERGY 2023: ROE - computed=7.94 vs source=8.40, diff=0.46
[version difference] JSWENERGY 2024: ROE - computed=8.28 vs source=8.40, diff=0.12
[version difference] JSWSTEEL 2013: ROE - computed=5.44 vs source=11.66, diff=6.22
[version difference] JSWSTEEL 2014: ROE - computed=1.90 vs source=11.66, diff=9.76
[version difference] JSWSTEEL 2015: ROE - computed=7.73 vs source=11.66, diff=3.93
[version difference] JSWSTEEL 2016: ROE - computed=-2.54 vs source=11.66, diff=14.20
[version difference] JSWSTEEL 2017: ROE - computed=15.31 vs source=11.66, diff=3.65
[version difference] JSWSTEEL 2018: ROE - computed=21.83 vs source=11.66, diff=10.17
[version difference] JSWSTEEL 2019: ROE - computed=21.62 vs source=11.66, diff=9.96
[version difference] JSWSTEEL 2020: ROE - computed=10.71 vs source=11.66, diff=0.95
[version difference] JSWSTEEL 2021: ROE - computed=16.84 vs source=11.66, diff=5.18
[version difference] JSWSTEEL 2022: ROE - computed=31.11 vs source=11.66, diff=19.45
[version difference] JSWSTEEL 2023: ROE - computed=6.30 vs source=11.66, diff=5.36
[version difference] JSWSTEEL 2024: ROE - computed=11.55 vs source=11.66, diff=0.11
[version difference] KOTAKBANK 2013: ROE - computed=14.66 vs source=15.10, diff=0.44
[version difference] KOTAKBANK 2014: ROE - computed=13.24 vs source=15.10, diff=1.86
[version difference] KOTAKBANK 2015: ROE - computed=14.01 vs source=15.10, diff=1.09
[version difference] KOTAKBANK 2016: ROE - computed=10.56 vs source=15.10, diff=4.54
[version difference] KOTAKBANK 2017: ROE - computed=13.04 vs source=15.10, diff=2.06
[version difference] KOTAKBANK 2018: ROE - computed=12.40 vs source=15.10, diff=2.70
[version difference] KOTAKBANK 2019: ROE - computed=12.47 vs source=15.10, diff=2.63
[version difference] KOTAKBANK 2020: ROE - computed=12.90 vs source=15.10, diff=2.20
[version difference] KOTAKBANK 2021: ROE - computed=11.85 vs source=15.10, diff=3.25
[version difference] KOTAKBANK 2022: ROE - computed=12.51 vs source=15.10, diff=2.59
[version difference] KOTAKBANK 2023: ROE - computed=13.35 vs source=15.10, diff=1.75
[version difference] KOTAKBANK 2024: ROE - computed=14.01 vs source=15.10, diff=1.09
[data source issue] LICI 2019: ROE - computed=324.32 vs source=63.61, diff=260.71
[data source issue] LICI 2020: ROE - computed=270.46 vs source=63.61, diff=206.85
[version difference] LICI 2021: ROE - computed=43.20 vs source=63.61, diff=20.41
[version difference] LICI 2022: ROE - computed=36.38 vs source=63.61, diff=27.23
[version difference] LICI 2023: ROE - computed=77.86 vs source=63.61, diff=14.25
[version difference] LICI 2024: ROE - computed=49.45 vs source=63.61, diff=14.16
[version difference] LODHA 2011: ROE - computed=35.48 vs source=10.70, diff=24.78
[version difference] LODHA 2012: ROE - computed=33.84 vs source=10.70, diff=23.14
[version difference] LODHA 2015: ROE - computed=24.23 vs source=10.70, diff=13.53
[version difference] LODHA 2016: ROE - computed=17.69 vs source=10.70, diff=6.99
[version difference] LODHA 2017: ROE - computed=14.48 vs source=10.70, diff=3.78
[version difference] LODHA 2018: ROE - computed=15.41 vs source=10.70, diff=4.71
[version difference] LODHA 2019: ROE - computed=42.80 vs source=10.70, diff=32.10
[version difference] LODHA 2020: ROE - computed=16.30 vs source=10.70, diff=5.60
[version difference] LODHA 2021: ROE - computed=1.04 vs source=10.70, diff=9.66
[version difference] LODHA 2022: ROE - computed=9.98 vs source=10.70, diff=0.72
[version difference] LODHA 2023: ROE - computed=3.87 vs source=10.70, diff=6.83
[version difference] LODHA 2024: ROE - computed=8.90 vs source=10.70, diff=1.80
[data source issue] LT 2013: ROE - computed=395.15 vs source=10.49, diff=384.66
[data source issue] LT 2014: ROE - computed=303.42 vs source=10.49, diff=292.93
[data source issue] LT 2015: ROE - computed=245.11 vs source=10.49, diff=234.62
[data source issue] LT 2016: ROE - computed=216.09 vs source=10.49, diff=205.60
[data source issue] LT 2017: ROE - computed=206.30 vs source=10.49, diff=195.81
[data source issue] LT 2018: ROE - computed=207.36 vs source=10.49, diff=196.87
[data source issue] LT 2019: ROE - computed=208.81 vs source=10.49, diff=198.32
[data source issue] LT 2020: ROE - computed=201.59 vs source=10.49, diff=191.10
[version difference] LT 2021: ROE - computed=176.90 vs source=10.49, diff=166.41
[version difference] LT 2022: ROE - computed=72.92 vs source=10.49, diff=62.43
[version difference] LT 2023: ROE - computed=75.52 vs source=10.49, diff=65.03
[version difference] LT 2024: ROE - computed=77.67 vs source=10.49, diff=67.18
[version difference] LTIM 2013: ROE - computed=41.97 vs source=26.04, diff=15.93
[version difference] LTIM 2014: ROE - computed=61.86 vs source=26.04, diff=35.82
[version difference] LTIM 2015: ROE - computed=37.96 vs source=26.04, diff=11.92
[version difference] LTIM 2016: ROE - computed=39.34 vs source=26.04, diff=13.30
[version difference] LTIM 2017: ROE - computed=30.88 vs source=26.04, diff=4.84
[version difference] LTIM 2018: ROE - computed=28.81 vs source=26.04, diff=2.77
[version difference] LTIM 2019: ROE - computed=30.98 vs source=26.04, diff=4.94
[version difference] LTIM 2020: ROE - computed=28.13 vs source=26.04, diff=2.09
[version difference] LTIM 2021: ROE - computed=26.53 vs source=26.04, diff=0.49
[version difference] LTIM 2022: ROE - computed=27.65 vs source=26.04, diff=1.61
[version difference] LTIM 2023: ROE - computed=26.58 vs source=26.04, diff=0.54
[version difference] LTIM 2024: ROE - computed=22.90 vs source=26.04, diff=3.14
[version difference] M&M 2013: ROE - computed=20.69 vs source=17.99, diff=2.70
[version difference] M&M 2014: ROE - computed=22.11 vs source=17.99, diff=4.12
[version difference] M&M 2015: ROE - computed=13.08 vs source=17.99, diff=4.91
[version difference] M&M 2016: ROE - computed=13.42 vs source=17.99, diff=4.57
[version difference] M&M 2017: ROE - computed=13.60 vs source=17.99, diff=4.39
[version difference] M&M 2018: ROE - computed=21.64 vs source=17.99, diff=3.65
[version difference] M&M 2019: ROE - computed=15.05 vs source=17.99, diff=2.94
[version difference] M&M 2020: ROE - computed=-0.80 vs source=17.99, diff=18.79
[version difference] M&M 2021: ROE - computed=3.64 vs source=17.99, diff=14.35
[version difference] M&M 2022: ROE - computed=15.39 vs source=17.99, diff=2.60
[version difference] M&M 2023: ROE - computed=20.18 vs source=17.99, diff=2.19
[version difference] M&M 2024: ROE - computed=18.54 vs source=17.99, diff=0.55
[version difference] MARUTI 2013: ROE - computed=12.98 vs source=15.75, diff=2.77
[version difference] MARUTI 2014: ROE - computed=13.28 vs source=15.75, diff=2.47
[version difference] MARUTI 2015: ROE - computed=15.66 vs source=15.75, diff=0.09
[version difference] MARUTI 2016: ROE - computed=17.95 vs source=15.75, diff=2.20
[version difference] MARUTI 2017: ROE - computed=20.26 vs source=15.75, diff=4.51
[version difference] MARUTI 2018: ROE - computed=18.52 vs source=15.75, diff=2.77
[version difference] MARUTI 2019: ROE - computed=16.25 vs source=15.75, diff=0.50
[version difference] MARUTI 2020: ROE - computed=11.49 vs source=15.75, diff=4.26
[version difference] MARUTI 2021: ROE - computed=8.36 vs source=15.75, diff=7.39
[version difference] MARUTI 2022: ROE - computed=7.01 vs source=15.75, diff=8.74
[version difference] MARUTI 2023: ROE - computed=11.08 vs source=15.75, diff=4.67
[version difference] MARUTI 2024: ROE - computed=15.75 vs source=15.75, diff=0.00
[version difference] MOTHERSON 2013: ROE - computed=19.75 vs source=11.80, diff=7.95
[version difference] MOTHERSON 2014: ROE - computed=37.07 vs source=11.80, diff=25.27
[version difference] MOTHERSON 2015: ROE - computed=38.87 vs source=11.80, diff=27.07
[version difference] MOTHERSON 2016: ROE - computed=40.35 vs source=11.80, diff=28.55
[version difference] MOTHERSON 2017: ROE - computed=26.26 vs source=11.80, diff=14.46
[version difference] MOTHERSON 2018: ROE - computed=22.87 vs source=11.80, diff=11.07
[version difference] MOTHERSON 2019: ROE - computed=19.14 vs source=11.80, diff=7.34
[version difference] MOTHERSON 2020: ROE - computed=11.49 vs source=11.80, diff=0.31
[version difference] MOTHERSON 2021: ROE - computed=12.49 vs source=11.80, diff=0.69
[version difference] MOTHERSON 2022: ROE - computed=5.74 vs source=11.80, diff=6.06
[version difference] MOTHERSON 2023: ROE - computed=7.44 vs source=11.80, diff=4.36
[version difference] MOTHERSON 2024: ROE - computed=11.55 vs source=11.80, diff=0.25
[data source issue] NAUKRI 2013: ROE - computed=12.50 vs source=2.44, diff=10.06
[data source issue] NAUKRI 2014: ROE - computed=8.93 vs source=2.44, diff=6.49
[data source issue] NAUKRI 2015: ROE - computed=-0.99 vs source=2.44, diff=3.43
[data source issue] NAUKRI 2016: ROE - computed=7.65 vs source=2.44, diff=5.21
[data source issue] NAUKRI 2017: ROE - computed=-2.70 vs source=2.44, diff=5.14
[data source issue] NAUKRI 2018: ROE - computed=24.50 vs source=2.44, diff=22.06
[data source issue] NAUKRI 2019: ROE - computed=23.28 vs source=2.44, diff=20.84
[data source issue] NAUKRI 2020: ROE - computed=-11.21 vs source=2.44, diff=13.65
[data source issue] NAUKRI 2021: ROE - computed=26.28 vs source=2.44, diff=23.84
[data source issue] NAUKRI 2022: ROE - computed=74.71 vs source=2.44, diff=72.27
[data source issue] NAUKRI 2023: ROE - computed=-0.52 vs source=2.44, diff=2.96
[data source issue] NAUKRI 2024: ROE - computed=1.97 vs source=2.44, diff=0.47
[version difference] NESTLEIND 2013: ROE - computed=47.17 vs source=135.61, diff=88.44
[version difference] NESTLEIND 2014: ROE - computed=41.77 vs source=135.61, diff=93.84
[version difference] NESTLEIND 2015: ROE - computed=19.99 vs source=135.61, diff=115.62
[version difference] NESTLEIND 2016: ROE - computed=30.50 vs source=135.61, diff=105.11
[version difference] NESTLEIND 2017: ROE - computed=35.82 vs source=135.61, diff=99.79
[version difference] NESTLEIND 2018: ROE - computed=43.75 vs source=135.61, diff=91.86
[version difference] NESTLEIND 2019: ROE - computed=102.61 vs source=135.61, diff=33.00
[version difference] NESTLEIND 2020: ROE - computed=103.12 vs source=135.61, diff=32.49
[version difference] NESTLEIND 2021: ROE - computed=108.84 vs source=135.61, diff=26.77
[version difference] NESTLEIND 2022: ROE - computed=97.23 vs source=135.61, diff=38.38
[version difference] NESTLEIND 2023: ROE - computed=121.96 vs source=135.61, diff=13.65
[version difference] NESTLEIND 2024: ROE - computed=98.57 vs source=135.61, diff=37.04
[version difference] NHPC 2013: ROE - computed=9.64 vs source=9.61, diff=0.03
[version difference] NHPC 2014: ROE - computed=5.78 vs source=9.61, diff=3.83
[version difference] NHPC 2015: ROE - computed=9.10 vs source=9.61, diff=0.51
[version difference] NHPC 2016: ROE - computed=7.47 vs source=9.61, diff=2.14
[version difference] NHPC 2017: ROE - computed=11.99 vs source=9.61, diff=2.38
[version difference] NHPC 2018: ROE - computed=9.27 vs source=9.61, diff=0.34
[version difference] NHPC 2019: ROE - computed=9.21 vs source=9.61, diff=0.40
[version difference] NHPC 2020: ROE - computed=10.66 vs source=9.61, diff=1.05
[version difference] NHPC 2021: ROE - computed=10.89 vs source=9.61, diff=1.28
[version difference] NHPC 2022: ROE - computed=10.81 vs source=9.61, diff=1.20
[version difference] NHPC 2023: ROE - computed=11.53 vs source=9.61, diff=1.92
[version difference] NHPC 2024: ROE - computed=10.41 vs source=9.61, diff=0.80
[version difference] NTPC 2013: ROE - computed=15.49 vs source=12.52, diff=2.97
[version difference] NTPC 2014: ROE - computed=13.06 vs source=12.52, diff=0.54
[version difference] NTPC 2015: ROE - computed=12.17 vs source=12.52, diff=0.35
[version difference] NTPC 2016: ROE - computed=11.77 vs source=12.52, diff=0.75
[version difference] NTPC 2017: ROE - computed=10.95 vs source=12.52, diff=1.57
[version difference] NTPC 2018: ROE - computed=10.14 vs source=12.52, diff=2.38
[version difference] NTPC 2019: ROE - computed=12.60 vs source=12.52, diff=0.08
[version difference] NTPC 2020: ROE - computed=10.02 vs source=12.52, diff=2.50
[version difference] NTPC 2021: ROE - computed=11.90 vs source=12.52, diff=0.62
[version difference] NTPC 2022: ROE - computed=12.53 vs source=12.52, diff=0.01
[version difference] NTPC 2023: ROE - computed=11.65 vs source=12.52, diff=0.87
[version difference] NTPC 2024: ROE - computed=13.27 vs source=12.52, diff=0.75
[version difference] ONGC 2013: ROE - computed=15.73 vs source=14.32, diff=1.41
[version difference] ONGC 2014: ROE - computed=15.49 vs source=14.32, diff=1.17
[version difference] ONGC 2015: ROE - computed=9.81 vs source=14.32, diff=4.51
[version difference] ONGC 2016: ROE - computed=6.62 vs source=14.32, diff=7.70
[version difference] ONGC 2017: ROE - computed=15.01 vs source=14.32, diff=0.69
[version difference] ONGC 2018: ROE - computed=12.78 vs source=14.32, diff=1.54
[version difference] ONGC 2019: ROE - computed=15.64 vs source=14.32, diff=1.32
[version difference] ONGC 2020: ROE - computed=5.59 vs source=14.32, diff=8.73
[version difference] ONGC 2021: ROE - computed=9.67 vs source=14.32, diff=4.65
[version difference] ONGC 2022: ROE - computed=19.00 vs source=14.32, diff=4.68
[version difference] ONGC 2023: ROE - computed=11.68 vs source=14.32, diff=2.64
[version difference] ONGC 2024: ROE - computed=16.94 vs source=14.32, diff=2.62
[version difference] PFC 2013: ROE - computed=18.74 vs source=19.49, diff=0.75
[version difference] PFC 2014: ROE - computed=19.85 vs source=19.49, diff=0.36
[version difference] PFC 2015: ROE - computed=18.52 vs source=19.49, diff=0.97
[version difference] PFC 2016: ROE - computed=17.16 vs source=19.49, diff=2.33
[version difference] PFC 2017: ROE - computed=6.07 vs source=19.49, diff=13.42
[version difference] PFC 2018: ROE - computed=22.08 vs source=19.49, diff=2.59
[version difference] PFC 2019: ROE - computed=26.82 vs source=19.49, diff=7.33
[version difference] PFC 2020: ROE - computed=19.18 vs source=19.49, diff=0.31
[version difference] PFC 2021: ROE - computed=25.86 vs source=19.49, diff=6.37
[version difference] PFC 2022: ROE - computed=26.18 vs source=19.49, diff=6.69
[version difference] PFC 2023: ROE - computed=25.17 vs source=19.49, diff=5.68
[version difference] PFC 2024: ROE - computed=26.16 vs source=19.49, diff=6.67
[version difference] PIDILITIND 2013: ROE - computed=25.68 vs source=22.80, diff=2.88
[version difference] PIDILITIND 2014: ROE - computed=23.05 vs source=22.80, diff=0.25
[version difference] PIDILITIND 2015: ROE - computed=22.64 vs source=22.80, diff=0.16
[version difference] PIDILITIND 2016: ROE - computed=30.59 vs source=22.80, diff=7.79
[version difference] PIDILITIND 2017: ROE - computed=24.86 vs source=22.80, diff=2.06
[version difference] PIDILITIND 2018: ROE - computed=27.03 vs source=22.80, diff=4.23
[version difference] PIDILITIND 2019: ROE - computed=22.37 vs source=22.80, diff=0.43
[version difference] PIDILITIND 2020: ROE - computed=25.18 vs source=22.80, diff=2.38
[version difference] PIDILITIND 2021: ROE - computed=20.13 vs source=22.80, diff=2.67
[version difference] PIDILITIND 2022: ROE - computed=18.85 vs source=22.80, diff=3.95
[version difference] PIDILITIND 2023: ROE - computed=17.87 vs source=22.80, diff=4.93
[version difference] PIDILITIND 2024: ROE - computed=20.78 vs source=22.80, diff=2.02
[data source issue] PNB 2013: ROE - computed=812.30 vs source=8.70, diff=803.60
[data source issue] PNB 2014: ROE - computed=393.36 vs source=8.70, diff=384.66
[data source issue] PNB 2015: ROE - computed=223.24 vs source=8.70, diff=214.54
[version difference] PNB 2016: ROE - computed=-163.56 vs source=8.70, diff=172.26
[version difference] PNB 2017: ROE - computed=22.21 vs source=8.70, diff=13.51
[version difference] PNB 2018: ROE - computed=-184.37 vs source=8.70, diff=193.07
[version difference] PNB 2019: ROE - computed=-128.45 vs source=8.70, diff=137.15
[version difference] PNB 2020: ROE - computed=6.10 vs source=8.70, diff=2.60
[version difference] PNB 2021: ROE - computed=30.39 vs source=8.70, diff=21.69
[version difference] PNB 2022: ROE - computed=39.87 vs source=8.70, diff=31.17
[version difference] PNB 2023: ROE - computed=30.67 vs source=8.70, diff=21.97
[version difference] PNB 2024: ROE - computed=61.32 vs source=8.70, diff=52.62
[version difference] POWERGRID 2013: ROE - computed=16.34 vs source=19.00, diff=2.66
[version difference] POWERGRID 2014: ROE - computed=13.11 vs source=19.00, diff=5.89
[version difference] POWERGRID 2015: ROE - computed=13.13 vs source=19.00, diff=5.87
[version difference] POWERGRID 2016: ROE - computed=13.55 vs source=19.00, diff=5.45
[version difference] POWERGRID 2017: ROE - computed=14.94 vs source=19.00, diff=4.06
[version difference] POWERGRID 2018: ROE - computed=15.07 vs source=19.00, diff=3.93
[version difference] POWERGRID 2019: ROE - computed=16.98 vs source=19.00, diff=2.02
[version difference] POWERGRID 2020: ROE - computed=17.09 vs source=19.00, diff=1.91
[version difference] POWERGRID 2021: ROE - computed=17.21 vs source=19.00, diff=1.79
[version difference] POWERGRID 2022: ROE - computed=22.07 vs source=19.00, diff=3.07
[version difference] POWERGRID 2023: ROE - computed=18.57 vs source=19.00, diff=0.43
[version difference] POWERGRID 2024: ROE - computed=17.87 vs source=19.00, diff=1.13
[version difference] RECLTD 2013: ROE - computed=21.87 vs source=22.20, diff=0.33
[version difference] RECLTD 2014: ROE - computed=22.79 vs source=22.20, diff=0.59
[version difference] RECLTD 2015: ROE - computed=21.31 vs source=22.20, diff=0.89
[version difference] RECLTD 2016: ROE - computed=19.70 vs source=22.20, diff=2.50
[version difference] RECLTD 2017: ROE - computed=18.75 vs source=22.20, diff=3.45
[version difference] RECLTD 2018: ROE - computed=13.66 vs source=22.20, diff=8.54
[version difference] RECLTD 2019: ROE - computed=16.62 vs source=22.20, diff=5.58
[version difference] RECLTD 2020: ROE - computed=14.05 vs source=22.20, diff=8.15
[version difference] RECLTD 2021: ROE - computed=19.14 vs source=22.20, diff=3.06
[version difference] RECLTD 2022: ROE - computed=19.56 vs source=22.20, diff=2.64
[version difference] RECLTD 2023: ROE - computed=19.21 vs source=22.20, diff=2.99
[version difference] RECLTD 2024: ROE - computed=20.40 vs source=22.20, diff=1.80
[version difference] RELIANCE 2013: ROE - computed=11.47 vs source=9.25, diff=2.22
[version difference] RELIANCE 2014: ROE - computed=11.35 vs source=9.25, diff=2.10
[version difference] RELIANCE 2015: ROE - computed=10.82 vs source=9.25, diff=1.57
[version difference] RELIANCE 2016: ROE - computed=12.90 vs source=9.25, diff=3.65
[version difference] RELIANCE 2017: ROE - computed=11.31 vs source=9.25, diff=2.06
[version difference] RELIANCE 2018: ROE - computed=12.29 vs source=9.25, diff=3.04
[version difference] RELIANCE 2019: ROE - computed=10.29 vs source=9.25, diff=1.04
[version difference] RELIANCE 2020: ROE - computed=8.88 vs source=9.25, diff=0.37
[version difference] RELIANCE 2021: ROE - computed=7.68 vs source=9.25, diff=1.57
[version difference] RELIANCE 2022: ROE - computed=8.70 vs source=9.25, diff=0.55
[version difference] RELIANCE 2023: ROE - computed=10.35 vs source=9.25, diff=1.10
[version difference] RELIANCE 2024: ROE - computed=9.96 vs source=9.25, diff=0.71
[version difference] SBILIFE 2013: ROE - computed=23.03 vs source=12.00, diff=11.03
[version difference] SBILIFE 2014: ROE - computed=21.69 vs source=12.00, diff=9.69
[version difference] SBILIFE 2015: ROE - computed=20.09 vs source=12.00, diff=8.09
[version difference] SBILIFE 2016: ROE - computed=17.83 vs source=12.00, diff=5.83
[version difference] SBILIFE 2017: ROE - computed=17.20 vs source=12.00, diff=5.20
[version difference] SBILIFE 2018: ROE - computed=17.62 vs source=12.00, diff=5.62
[version difference] SBILIFE 2019: ROE - computed=17.52 vs source=12.00, diff=5.52
[version difference] SBILIFE 2020: ROE - computed=16.26 vs source=12.00, diff=4.26
[version difference] SBILIFE 2021: ROE - computed=14.00 vs source=12.00, diff=2.00
[version difference] SBILIFE 2022: ROE - computed=12.96 vs source=12.00, diff=0.96
[version difference] SBILIFE 2023: ROE - computed=13.22 vs source=12.00, diff=1.22
[version difference] SBILIFE 2024: ROE - computed=12.70 vs source=12.00, diff=0.70
[version difference] SHREECEM 2013: ROE - computed=26.12 vs source=12.20, diff=13.92
[version difference] SHREECEM 2014: ROE - computed=16.71 vs source=12.20, diff=4.51
[version difference] SHREECEM 2015: ROE - computed=8.07 vs source=12.20, diff=4.13
[version difference] SHREECEM 2016: ROE - computed=16.70 vs source=12.20, diff=4.50
[version difference] SHREECEM 2017: ROE - computed=17.39 vs source=12.20, diff=5.19
[version difference] SHREECEM 2018: ROE - computed=15.56 vs source=12.20, diff=3.36
[version difference] SHREECEM 2019: ROE - computed=10.50 vs source=12.20, diff=1.70
[version difference] SHREECEM 2020: ROE - computed=11.72 vs source=12.20, diff=0.48
[version difference] SHREECEM 2021: ROE - computed=15.18 vs source=12.20, diff=2.98
[version difference] SHREECEM 2022: ROE - computed=7.27 vs source=12.20, diff=4.93
[version difference] SHREECEM 2023: ROE - computed=12.71 vs source=12.20, diff=0.51
[version difference] SHREECEM 2024: ROE - computed=8.37 vs source=12.20, diff=3.83
[version difference] SHRIRAMFIN 2013: ROE - computed=19.94 vs source=15.90, diff=4.04
[version difference] SHRIRAMFIN 2014: ROE - computed=15.96 vs source=15.90, diff=0.06
[version difference] SHRIRAMFIN 2015: ROE - computed=11.09 vs source=15.90, diff=4.81
[version difference] SHRIRAMFIN 2016: ROE - computed=11.64 vs source=15.90, diff=4.26
[version difference] SHRIRAMFIN 2017: ROE - computed=11.17 vs source=15.90, diff=4.73
[version difference] SHRIRAMFIN 2018: ROE - computed=18.62 vs source=15.90, diff=2.72
[version difference] SHRIRAMFIN 2019: ROE - computed=16.14 vs source=15.90, diff=0.24
[version difference] SHRIRAMFIN 2020: ROE - computed=13.85 vs source=15.90, diff=2.05
[version difference] SHRIRAMFIN 2021: ROE - computed=11.51 vs source=15.90, diff=4.39
[version difference] SHRIRAMFIN 2022: ROE - computed=10.43 vs source=15.90, diff=5.47
[version difference] SHRIRAMFIN 2023: ROE - computed=13.84 vs source=15.90, diff=2.06
[version difference] SHRIRAMFIN 2024: ROE - computed=15.12 vs source=15.90, diff=0.78
[version difference] SIEMENS 2011: ROE - computed=22.75 vs source=19.10, diff=3.65
[version difference] SIEMENS 2014: ROE - computed=13.78 vs source=19.10, diff=5.32
[version difference] SIEMENS 2015: ROE - computed=22.94 vs source=19.10, diff=3.84
[version difference] SIEMENS 2016: ROE - computed=42.83 vs source=19.10, diff=23.73
[version difference] SIEMENS 2017: ROE - computed=14.79 vs source=19.10, diff=4.31
[version difference] SIEMENS 2018: ROE - computed=10.86 vs source=19.10, diff=8.24
[version difference] SIEMENS 2019: ROE - computed=12.14 vs source=19.10, diff=6.96
[version difference] SIEMENS 2020: ROE - computed=8.10 vs source=19.10, diff=11.00
[version difference] SIEMENS 2021: ROE - computed=10.52 vs source=19.10, diff=8.58
[version difference] SIEMENS 2022: ROE - computed=13.29 vs source=19.10, diff=5.81
[version difference] SIEMENS 2023: ROE - computed=14.99 vs source=19.10, diff=4.11
[version difference] SIEMENS 2024: ROE - computed=17.70 vs source=19.10, diff=1.40
[version difference] SUNPHARMA 2013: ROE - computed=23.14 vs source=16.70, diff=6.44
[version difference] SUNPHARMA 2014: ROE - computed=20.94 vs source=16.70, diff=4.24
[version difference] SUNPHARMA 2015: ROE - computed=21.36 vs source=16.70, diff=4.66
[version difference] SUNPHARMA 2016: ROE - computed=17.15 vs source=16.70, diff=0.45
[version difference] SUNPHARMA 2017: ROE - computed=21.41 vs source=16.70, diff=4.71
[version difference] SUNPHARMA 2018: ROE - computed=6.63 vs source=16.70, diff=10.07
[version difference] SUNPHARMA 2019: ROE - computed=7.75 vs source=16.70, diff=8.95
[version difference] SUNPHARMA 2020: ROE - computed=9.22 vs source=16.70, diff=7.48
[version difference] SUNPHARMA 2021: ROE - computed=4.89 vs source=16.70, diff=11.81
[version difference] SUNPHARMA 2022: ROE - computed=7.06 vs source=16.70, diff=9.64
[version difference] SUNPHARMA 2023: ROE - computed=15.20 vs source=16.70, diff=1.50
[version difference] SUNPHARMA 2024: ROE - computed=15.09 vs source=16.70, diff=1.61
[version difference] TATACONSUM 2013: ROE - computed=9.25 vs source=8.32, diff=0.93
[version difference] TATACONSUM 2014: ROE - computed=8.72 vs source=8.32, diff=0.40
[version difference] TATACONSUM 2015: ROE - computed=4.97 vs source=8.32, diff=3.35
[version difference] TATACONSUM 2016: ROE - computed=-0.59 vs source=8.32, diff=8.91
[version difference] TATACONSUM 2017: ROE - computed=7.26 vs source=8.32, diff=1.06
[version difference] TATACONSUM 2018: ROE - computed=7.91 vs source=8.32, diff=0.41
[version difference] TATACONSUM 2019: ROE - computed=6.23 vs source=8.32, diff=2.09
[version difference] TATACONSUM 2020: ROE - computed=3.33 vs source=8.32, diff=4.99
[version difference] TATACONSUM 2021: ROE - computed=6.40 vs source=8.32, diff=1.92
[version difference] TATACONSUM 2022: ROE - computed=6.70 vs source=8.32, diff=1.62
[version difference] TATACONSUM 2023: ROE - computed=8.11 vs source=8.32, diff=0.21
[version difference] TATACONSUM 2024: ROE - computed=7.57 vs source=8.32, diff=0.75
[version difference] TATAMOTORS 2013: ROE - computed=26.51 vs source=49.40, diff=22.89
[version difference] TATAMOTORS 2014: ROE - computed=21.42 vs source=49.40, diff=27.98
[version difference] TATAMOTORS 2015: ROE - computed=25.01 vs source=49.40, diff=24.39
[version difference] TATAMOTORS 2016: ROE - computed=14.79 vs source=49.40, diff=34.61
[version difference] TATAMOTORS 2017: ROE - computed=13.02 vs source=49.40, diff=36.38
[version difference] TATAMOTORS 2018: ROE - computed=9.53 vs source=49.40, diff=39.87
[version difference] TATAMOTORS 2019: ROE - computed=-47.73 vs source=49.40, diff=97.13
[version difference] TATAMOTORS 2020: ROE - computed=-18.98 vs source=49.40, diff=68.38
[version difference] TATAMOTORS 2021: ROE - computed=-24.25 vs source=49.40, diff=73.65
[version difference] TATAMOTORS 2022: ROE - computed=-25.38 vs source=49.40, diff=74.78
[version difference] TATAMOTORS 2023: ROE - computed=5.94 vs source=49.40, diff=43.46
[version difference] TATAMOTORS 2024: ROE - computed=37.46 vs source=49.40, diff=11.94
[version difference] TATAPOWER 2013: ROE - computed=1.00 vs source=11.30, diff=10.30
[version difference] TATAPOWER 2014: ROE - computed=0.10 vs source=11.30, diff=11.20
[version difference] TATAPOWER 2015: ROE - computed=3.19 vs source=11.30, diff=8.11
[version difference] TATAPOWER 2016: ROE - computed=6.76 vs source=11.30, diff=4.54
[version difference] TATAPOWER 2017: ROE - computed=8.32 vs source=11.30, diff=2.98
[version difference] TATAPOWER 2018: ROE - computed=15.92 vs source=11.30, diff=4.62
[version difference] TATAPOWER 2019: ROE - computed=14.24 vs source=11.30, diff=2.94
[version difference] TATAPOWER 2020: ROE - computed=6.73 vs source=11.30, diff=4.57
[version difference] TATAPOWER 2021: ROE - computed=6.45 vs source=11.30, diff=4.85
[version difference] TATAPOWER 2022: ROE - computed=9.61 vs source=11.30, diff=1.69
[version difference] TATAPOWER 2023: ROE - computed=13.23 vs source=11.30, diff=1.93
[version difference] TATAPOWER 2024: ROE - computed=13.23 vs source=11.30, diff=1.93
[version difference] TATASTEEL 2013: ROE - computed=-21.28 vs source=6.55, diff=27.83
[version difference] TATASTEEL 2014: ROE - computed=9.04 vs source=6.55, diff=2.49
[version difference] TATASTEEL 2015: ROE - computed=-12.56 vs source=6.55, diff=19.11
[version difference] TATASTEEL 2016: ROE - computed=-1.14 vs source=6.55, diff=7.69
[version difference] TATASTEEL 2017: ROE - computed=-11.02 vs source=6.55, diff=17.57
[version difference] TATASTEEL 2018: ROE - computed=29.15 vs source=6.55, diff=22.60
[version difference] TATASTEEL 2019: ROE - computed=13.23 vs source=6.55, diff=6.68
[version difference] TATASTEEL 2020: ROE - computed=1.60 vs source=6.55, diff=4.95
[version difference] TATASTEEL 2021: ROE - computed=11.03 vs source=6.55, diff=4.48
[version difference] TATASTEEL 2022: ROE - computed=36.48 vs source=6.55, diff=29.93
[version difference] TATASTEEL 2023: ROE - computed=7.83 vs source=6.55, diff=1.28
[version difference] TATASTEEL 2024: ROE - computed=-5.33 vs source=6.55, diff=11.88
[data source issue] TCS 2013: ROE - computed=36.52 vs source=0.52, diff=36.00
[data source issue] TCS 2014: ROE - computed=39.30 vs source=0.52, diff=38.78
[data source issue] TCS 2015: ROE - computed=39.62 vs source=0.52, diff=39.10
[data source issue] TCS 2016: ROE - computed=34.24 vs source=0.52, diff=33.72
[data source issue] TCS 2017: ROE - computed=30.57 vs source=0.52, diff=30.05
[data source issue] TCS 2018: ROE - computed=30.40 vs source=0.52, diff=29.88
[data source issue] TCS 2019: ROE - computed=35.29 vs source=0.52, diff=34.77
[data source issue] TCS 2020: ROE - computed=38.57 vs source=0.52, diff=38.05
[data source issue] TCS 2021: ROE - computed=37.67 vs source=0.52, diff=37.15
[data source issue] TCS 2022: ROE - computed=43.13 vs source=0.52, diff=42.61
[data source issue] TCS 2023: ROE - computed=46.78 vs source=0.52, diff=46.26
[data source issue] TCS 2024: ROE - computed=50.94 vs source=0.52, diff=50.42
[version difference] TECHM 2013: ROE - computed=24.09 vs source=8.63, diff=15.46
[version difference] TECHM 2014: ROE - computed=33.35 vs source=8.63, diff=24.72
[version difference] TECHM 2015: ROE - computed=21.71 vs source=8.63, diff=13.08
[version difference] TECHM 2016: ROE - computed=20.75 vs source=8.63, diff=12.12
[version difference] TECHM 2017: ROE - computed=17.35 vs source=8.63, diff=8.72
[version difference] TECHM 2018: ROE - computed=20.09 vs source=8.63, diff=11.46
[version difference] TECHM 2019: ROE - computed=21.14 vs source=8.63, diff=12.51
[version difference] TECHM 2020: ROE - computed=17.87 vs source=8.63, diff=9.24
[version difference] TECHM 2021: ROE - computed=17.51 vs source=8.63, diff=8.88
[version difference] TECHM 2022: ROE - computed=20.94 vs source=8.63, diff=12.31
[version difference] TECHM 2023: ROE - computed=17.39 vs source=8.63, diff=8.76
[version difference] TECHM 2024: ROE - computed=8.99 vs source=8.63, diff=0.36
[version difference] TITAN 2013: ROE - computed=36.80 vs source=32.90, diff=3.90
[version difference] TITAN 2014: ROE - computed=29.13 vs source=32.90, diff=3.77
[version difference] TITAN 2015: ROE - computed=26.46 vs source=32.90, diff=6.44
[version difference] TITAN 2016: ROE - computed=19.25 vs source=32.90, diff=13.65
[version difference] TITAN 2017: ROE - computed=16.47 vs source=32.90, diff=16.43
[version difference] TITAN 2018: ROE - computed=21.65 vs source=32.90, diff=11.25
[version difference] TITAN 2019: ROE - computed=22.88 vs source=32.90, diff=10.02
[version difference] TITAN 2020: ROE - computed=22.39 vs source=32.90, diff=10.51
[version difference] TITAN 2021: ROE - computed=12.99 vs source=32.90, diff=19.91
[version difference] TITAN 2022: ROE - computed=23.63 vs source=32.90, diff=9.27
[version difference] TITAN 2023: ROE - computed=27.63 vs source=32.90, diff=5.27
[version difference] TITAN 2024: ROE - computed=37.22 vs source=32.90, diff=4.32
[version difference] TORNTPHARM 2013: ROE - computed=30.59 vs source=24.20, diff=6.39
[version difference] TORNTPHARM 2014: ROE - computed=34.89 vs source=24.20, diff=10.69
[version difference] TORNTPHARM 2015: ROE - computed=30.15 vs source=24.20, diff=5.95
[version difference] TORNTPHARM 2016: ROE - computed=49.60 vs source=24.20, diff=25.40
[version difference] TORNTPHARM 2017: ROE - computed=21.47 vs source=24.20, diff=2.73
[version difference] TORNTPHARM 2018: ROE - computed=14.67 vs source=24.20, diff=9.53
[version difference] TORNTPHARM 2019: ROE - computed=9.23 vs source=24.20, diff=14.97
[version difference] TORNTPHARM 2020: ROE - computed=21.25 vs source=24.20, diff=2.95
[version difference] TORNTPHARM 2021: ROE - computed=21.45 vs source=24.20, diff=2.75
[version difference] TORNTPHARM 2022: ROE - computed=13.05 vs source=24.20, diff=11.15
[version difference] TORNTPHARM 2023: ROE - computed=20.09 vs source=24.20, diff=4.11
[version difference] TORNTPHARM 2024: ROE - computed=24.15 vs source=24.20, diff=0.05
[version difference] TRENT 2013: ROE - computed=-2.19 vs source=27.20, diff=29.39
[version difference] TRENT 2014: ROE - computed=-1.92 vs source=27.20, diff=29.12
[version difference] TRENT 2015: ROE - computed=9.07 vs source=27.20, diff=18.13
[version difference] TRENT 2016: ROE - computed=3.76 vs source=27.20, diff=23.44
[version difference] TRENT 2017: ROE - computed=5.49 vs source=27.20, diff=21.71
[version difference] TRENT 2018: ROE - computed=5.45 vs source=27.20, diff=21.75
[version difference] TRENT 2019: ROE - computed=5.77 vs source=27.20, diff=21.43
[version difference] TRENT 2020: ROE - computed=4.44 vs source=27.20, diff=22.76
[version difference] TRENT 2021: ROE - computed=-7.83 vs source=27.20, diff=35.03
[version difference] TRENT 2022: ROE - computed=1.48 vs source=27.20, diff=25.72
[version difference] TRENT 2023: ROE - computed=15.18 vs source=27.20, diff=12.02
[version difference] TRENT 2024: ROE - computed=36.31 vs source=27.20, diff=9.11
